Archive member included because of file (symbol)

c:/program files (x86)/microchip/xc32/v1.40/bin/bin/../../lib/gcc/pic32mx/4.8.3/../../../../pic32mx/lib\libsupc++.a(class_type_info.o)
                              build/default/debug/_ext/1445274692/main.o (vtable for __cxxabiv1::__class_type_info)
c:/program files (x86)/microchip/xc32/v1.40/bin/bin/../../lib/gcc/pic32mx/4.8.3/../../../../pic32mx/lib\libsupc++.a(eh_exception.o)
                              build/default/debug/_ext/1445274692/main.o (std::exception::~exception())
c:/program files (x86)/microchip/xc32/v1.40/bin/bin/../../lib/gcc/pic32mx/4.8.3/../../../../pic32mx/lib\libsupc++.a(eh_personality.o)
                              build/default/debug/_ext/1445274692/main.o (__gxx_personality_sj0)
c:/program files (x86)/microchip/xc32/v1.40/bin/bin/../../lib/gcc/pic32mx/4.8.3/../../../../pic32mx/lib\libsupc++.a(eh_terminate.o)
                              c:/program files (x86)/microchip/xc32/v1.40/bin/bin/../../lib/gcc/pic32mx/4.8.3/../../../../pic32mx/lib\libsupc++.a(eh_personality.o) (__cxxabiv1::__terminate(void (*)()))
c:/program files (x86)/microchip/xc32/v1.40/bin/bin/../../lib/gcc/pic32mx/4.8.3/../../../../pic32mx/lib\libsupc++.a(eh_throw.o)
                              c:/program files (x86)/microchip/xc32/v1.40/bin/bin/../../lib/gcc/pic32mx/4.8.3/../../../../pic32mx/lib\libsupc++.a(eh_personality.o) (__cxa_throw)
c:/program files (x86)/microchip/xc32/v1.40/bin/bin/../../lib/gcc/pic32mx/4.8.3/../../../../pic32mx/lib\libsupc++.a(eh_unex_handler.o)
                              c:/program files (x86)/microchip/xc32/v1.40/bin/bin/../../lib/gcc/pic32mx/4.8.3/../../../../pic32mx/lib\libsupc++.a(eh_terminate.o) (__cxxabiv1::__unexpected_handler)
c:/program files (x86)/microchip/xc32/v1.40/bin/bin/../../lib/gcc/pic32mx/4.8.3/../../../../pic32mx/lib\libsupc++.a(si_class_type_info.o)
                              build/default/debug/_ext/1445274692/main.o (vtable for __cxxabiv1::__si_class_type_info)
c:/program files (x86)/microchip/xc32/v1.40/bin/bin/../../lib/gcc/pic32mx/4.8.3/../../../../pic32mx/lib\libsupc++.a(tinfo.o)
                              c:/program files (x86)/microchip/xc32/v1.40/bin/bin/../../lib/gcc/pic32mx/4.8.3/../../../../pic32mx/lib\libsupc++.a(class_type_info.o) (std::type_info::~type_info())
c:/program files (x86)/microchip/xc32/v1.40/bin/bin/../../lib/gcc/pic32mx/4.8.3/../../../../pic32mx/lib\libsupc++.a(pure.o)
                              build/default/debug/_ext/1445274692/main.o (__cxa_pure_virtual)
c:/program files (x86)/microchip/xc32/v1.40/bin/bin/../../lib/gcc/pic32mx/4.8.3/../../../../pic32mx/lib\libsupc++.a(eh_alloc.o)
                              c:/program files (x86)/microchip/xc32/v1.40/bin/bin/../../lib/gcc/pic32mx/4.8.3/../../../../pic32mx/lib\libsupc++.a(eh_personality.o) (__cxa_allocate_exception)
c:/program files (x86)/microchip/xc32/v1.40/bin/bin/../../lib/gcc/pic32mx/4.8.3/../../../../pic32mx/lib\libsupc++.a(eh_call.o)
                              c:/program files (x86)/microchip/xc32/v1.40/bin/bin/../../lib/gcc/pic32mx/4.8.3/../../../../pic32mx/lib\libsupc++.a(eh_personality.o) (__cxa_call_terminate)
c:/program files (x86)/microchip/xc32/v1.40/bin/bin/../../lib/gcc/pic32mx/4.8.3/../../../../pic32mx/lib\libsupc++.a(eh_catch.o)
                              c:/program files (x86)/microchip/xc32/v1.40/bin/bin/../../lib/gcc/pic32mx/4.8.3/../../../../pic32mx/lib\libsupc++.a(eh_personality.o) (__cxa_begin_catch)
c:/program files (x86)/microchip/xc32/v1.40/bin/bin/../../lib/gcc/pic32mx/4.8.3/../../../../pic32mx/lib\libsupc++.a(eh_globals.o)
                              c:/program files (x86)/microchip/xc32/v1.40/bin/bin/../../lib/gcc/pic32mx/4.8.3/../../../../pic32mx/lib\libsupc++.a(eh_personality.o) (__cxa_get_globals_fast)
c:/program files (x86)/microchip/xc32/v1.40/bin/bin/../../lib/gcc/pic32mx/4.8.3/../../../../pic32mx/lib\libsupc++.a(eh_term_handler.o)
                              c:/program files (x86)/microchip/xc32/v1.40/bin/bin/../../lib/gcc/pic32mx/4.8.3/../../../../pic32mx/lib\libsupc++.a(eh_terminate.o) (__cxxabiv1::__terminate_handler)
c:/program files (x86)/microchip/xc32/v1.40/bin/bin/../../lib/gcc/pic32mx/4.8.3/../../../../pic32mx/lib\libxcpp.a(gccex.o)
                              build/default/debug/_ext/1445274692/main.o (std::exception::_Raise() const)
c:/program files (x86)/microchip/xc32/v1.40/bin/bin/../../lib/gcc/pic32mx/4.8.3/../../../../pic32mx/lib\libxcpp.a(iostream.o)
                              build/default/debug/_ext/1445274692/main.o (std::cout)
c:/program files (x86)/microchip/xc32/v1.40/bin/bin/../../lib/gcc/pic32mx/4.8.3/../../../../pic32mx/lib\libxcpp.a(xthrow.o)
                              build/default/debug/_ext/1445274692/main.o (std::_Xout_of_range(char const*))
c:/program files (x86)/microchip/xc32/v1.40/bin/bin/../../lib/gcc/pic32mx/4.8.3/../../../../pic32mx/lib\libxcpp.a(raisehan.o)
[...]
Memory Configuration

Name             Origin             Length             Attributes
kseg0_program_mem 0x9d000000         0x0003f000         xr
exception_mem    0x9d03f000         0x00001000
debug_exec_mem   0x9fc00490         0x00000760
kseg0_boot_mem   0x9fc00490         0x00000000
kseg1_boot_mem   0xbfc00000         0x00000490
config3          0xbfc00bf0         0x00000004
config2          0xbfc00bf4         0x00000004
config1          0xbfc00bf8         0x00000004
config0          0xbfc00bfc         0x00000004
kseg1_data_mem   0xa0000000         0x00010000         w !x
sfrs             0xbf800000         0x00100000
configsfrs       0xbfc00bf0         0x00000010
*default*        0x00000000         0xffffffff

Linker script and memory map

LOAD c:/program files (x86)/microchip/xc32/v1.40/bin/bin/../../lib/gcc/pic32mx/4.8.3/../../../../pic32mx/lib/./proc/32MX270F256D/cpprt0_mips32r2.o
LOAD c:/program files (x86)/microchip/xc32/v1.40/bin/bin/../../lib/gcc/pic32mx/4.8.3/crti.o
LOAD c:/program files (x86)/microchip/xc32/v1.40/bin/bin/../../lib/gcc/pic32mx/4.8.3/crtbegin.o
                0x00000001                _DEBUGGER = 0x1
LOAD build/default/debug/_ext/1445274692/main.o
LOAD build/default/debug/_ext/1445274692/ACore.o
LOAD build/default/debug/_ext/1445274692/ADevice.o
                0x00000001                __MPLAB_BUILD = 0x1
                0x00000001                __MPLAB_DEBUG = 0x1
                0x00000001                __DEBUG = 0x1
                0x00000001                __MPLAB_DEBUGGER_SIMULATOR = 0x1
                0x00004008                _min_heap_size = 0x4008
LOAD c:/program files (x86)/microchip/xc32/v1.40/bin/bin/../../lib/gcc/pic32mx/4.8.3/../../../../pic32mx/lib\libsupc++.a
LOAD c:/program files (x86)/microchip/xc32/v1.40/bin/bin/../../lib/gcc/pic32mx/4.8.3/../../../../pic32mx/lib\libxcpp.a
LOAD c:/program files (x86)/microchip/xc32/v1.40/bin/bin/../../lib/gcc/pic32mx/4.8.3/../../../../pic32mx/lib/./proc/32MX270F256D\default_isr_vectors.o
LOAD c:/program files (x86)/microchip/xc32/v1.40/bin/bin/../../lib/gcc/pic32mx/4.8.3/../../../../pic32mx/lib\pic32_software_reset.o
                0x00000400                PROVIDE (_min_stack_size, 0x400)
LOAD c:/program files (x86)/microchip/xc32/v1.40/bin/bin/../../lib/gcc/pic32mx/4.8.3/../../../../pic32mx/lib/./proc/32MX270F256D\processor.o
START GROUP
LOAD libmchp_peripheral.a
END GROUP
START GROUP
LOAD libmchp_peripheral_32MX270F256D.a
END GROUP
                0x00000001                PROVIDE (_vector_spacing, 0x1)
                0x9d03f000                _ebase_address = 0x9d03f000
                0xbfc00000                _RESET_ADDR = 0xbfc00000
                0xbfc00380                _BEV_EXCPT_ADDR = 0xbfc00380
                0xbfc00480                _DBG_EXCPT_ADDR = 0xbfc00480
                0x9fc00490                _DBG_CODE_ADDR = 0x9fc00490
                0x00000760                _DBG_CODE_SIZE = 0x760
                0x9d03f180                _GEN_EXCPT_ADDR = (_ebase_address + 0x180)

.config_BFC00BF0
                0xbfc00bf0        0x4
 *(.config_BFC00BF0)
 .config_BFC00BF0
                0xbfc00bf0        0x4 build/default/debug/_ext/1445274692/main.o

.config_BFC00BF4
                0xbfc00bf4        0x4
 *(.config_BFC00BF4)
 .config_BFC00BF4
                0xbfc00bf4        0x4 build/default/debug/_ext/1445274692/main.o

.config_BFC00BF8
                0xbfc00bf8        0x4
 *(.config_BFC00BF8)
 .config_BFC00BF8
                0xbfc00bf8        0x4 build/default/debug/_ext/1445274692/main.o

.config_BFC00BFC
                0xbfc00bfc        0x4
 *(.config_BFC00BFC)
 .config_BFC00BFC
                0xbfc00bfc        0x4 build/default/debug/_ext/1445274692/main.o
                0xbfc02000                PROVIDE (_DBG_CODE_ADDR, 0xbfc02000)
                0x00000ff0                PROVIDE (_DBG_CODE_SIZE, 0xff0)

.reset          0xbfc00000      0x1d0
 *(.reset)
 .reset         0xbfc00000        0x8 c:/program files (x86)/microchip/xc32/v1.40/bin/bin/../../lib/gcc/pic32mx/4.8.3/../../../../pic32mx/lib/./proc/32MX270F256D/cpprt0_mips32r2.o
                0xbfc00000                _reset
 *(.reset.startup)
 .reset.startup
                0xbfc00008      0x1c8 c:/program files (x86)/microchip/xc32/v1.40/bin/bin/../../lib/gcc/pic32mx/4.8.3/../../../../pic32mx/lib/./proc/32MX270F256D/cpprt0_mips32r2.o

.bev_excpt      0xbfc00380       0x10
 *(.bev_handler)
 .bev_handler   0xbfc00380       0x10 c:/program files (x86)/microchip/xc32/v1.40/bin/bin/../../lib/gcc/pic32mx/4.8.3/../../../../pic32mx/lib/./proc/32MX270F256D/cpprt0_mips32r2.o

.dbg_excpt      0xbfc00480        0x8
                0xbfc00480                . = (. + DEFINED (_DEBUGGER)?0x8:0x0)
 *fill*         0xbfc00480        0x8 

.dbg_code       0x9fc00490      0x760
                0x9fc00490                . = (. + DEFINED (_DEBUGGER)?_DBG_CODE_SIZE:0x0)
 *fill*         0x9fc00490      0x760 

.app_excpt      0x9d03f180       0x10
 *(.gen_handler)
 .gen_handler   0x9d03f180       0x10 c:/program files (x86)/microchip/xc32/v1.40/bin/bin/../../lib/gcc/pic32mx/4.8.3/../../../../pic32mx/lib/./proc/32MX270F256D/cpprt0_mips32r2.o

.vector_0       0x9d03f200        0x8
 *(.vector_0)
 .vector_0      0x9d03f200        0x8 c:/program files (x86)/microchip/xc32/v1.40/bin/bin/../../lib/gcc/pic32mx/4.8.3/../../../../pic32mx/lib\libpic32.a(vector0.o)
                0x9d03f200                __vector_dispatch_0
                0x00000001                ASSERT (((_vector_spacing == 0x0) || (SIZEOF (.vector_0) <= (_vector_spacing << 0x5))), function at exception vector 0 too large)

.vector_1       0x9d03f220        0x8
 *(.vector_1)
 .vector_1      0x9d03f220        0x8 c:/program files (x86)/microchip/xc32/v1.40/bin/bin/../../lib/gcc/pic32mx/4.8.3/../../../../pic32mx/lib\libpic32.a(vector1.o)
                0x9d03f220                __vector_dispatch_1
                0x00000001                ASSERT (((_vector_spacing == 0x0) || (SIZEOF (.vector_1) <= (_vector_spacing << 0x5))), function at exception vector 1 too large)

.vector_2       0x9d03f240        0x8
 *(.vector_2)
 .vector_2      0x9d03f240        0x8 c:/program files (x86)/microchip/xc32/v1.40/bin/bin/../../lib/gcc/pic32mx/4.8.3/../../../../pic32mx/lib\libpic32.a(vector2.o)
                0x9d03f240                __vector_dispatch_2
                0x00000001                ASSERT (((_vector_spacing == 0x0) || (SIZEOF (.vector_2) <= (_vector_spacing << 0x5))), function at exception vector 2 too large)

.vector_3       0x9d03f260        0x8
 *(.vector_3)
 .vector_3      0x9d03f260        0x8 c:/program files (x86)/microchip/xc32/v1.40/bin/bin/../../lib/gcc/pic32mx/4.8.3/../../../../pic32mx/lib\libpic32.a(vector3.o)
                0x9d03f260                __vector_dispatch_3
                0x00000001                ASSERT (((_vector_spacing == 0x0) || (SIZEOF (.vector_3) <= (_vector_spacing << 0x5))), function at exception vector 3 too large)

.vector_4       0x9d03f280        0x8
 *(.vector_4)
 .vector_4      0x9d03f280        0x8 c:/program files (x86)/microchip/xc32/v1.40/bin/bin/../../lib/gcc/pic32mx/4.8.3/../../../../pic32mx/lib\libpic32.a(vector4.o)
                0x9d03f280                __vector_dispatch_4
                0x00000001                ASSERT (((_vector_spacing == 0x0) || (SIZEOF (.vector_4) <= (_vector_spacing << 0x5))), function at exception vector 4 too large)

.vector_5       0x9d03f2a0        0x8
 *(.vector_5)
 .vector_5      0x9d03f2a0        0x8 c:/program files (x86)/microchip/xc32/v1.40/bin/bin/../../lib/gcc/pic32mx/4.8.3/../../../../pic32mx/lib\libpic32.a(vector5.o)
                0x9d03f2a0                __vector_dispatch_5
                0x00000001                ASSERT (((_vector_spacing == 0x0) || (SIZEOF (.vector_5) <= (_vector_spacing << 0x5))), function at exception vector 5 too large)

.vector_6       0x9d03f2c0        0x8
 *(.vector_6)
 .vector_6      0x9d03f2c0        0x8 c:/program files (x86)/microchip/xc32/v1.40/bin/bin/../../lib/gcc/pic32mx/4.8.3/../../../../pic32mx/lib\libpic32.a(vector6.o)
                0x9d03f2c0                __vector_dispatch_6
                0x00000001                ASSERT (((_vector_spacing == 0x0) || (SIZEOF (.vector_6) <= (_vector_spacing << 0x5))), function at exception vector 6 too large)

.vector_7       0x9d03f2e0        0x8
 *(.vector_7)
 .vector_7      0x9d03f2e0        0x8 c:/program files (x86)/microchip/xc32/v1.40/bin/bin/../../lib/gcc/pic32mx/4.8.3/../../../../pic32mx/lib\libpic32.a(vector7.o)
                0x9d03f2e0                __vector_dispatch_7
                0x00000001                ASSERT (((_vector_spacing == 0x0) || (SIZEOF (.vector_7) <= (_vector_spacing << 0x5))), function at exception vector 7 too large)

.vector_8       0x9d03f300        0x8
 *(.vector_8)
 .vector_8      0x9d03f300        0x8 c:/program files (x86)/microchip/xc32/v1.40/bin/bin/../../lib/gcc/pic32mx/4.8.3/../../../../pic32mx/lib\libpic32.a(vector8.o)
                0x9d03f300                __vector_dispatch_8
                0x00000001                ASSERT (((_vector_spacing == 0x0) || (SIZEOF (.vector_8) <= (_vector_spacing << 0x5))), function at exception vector 8 too large)

.vector_9       0x9d03f320        0x8
 *(.vector_9)
 .vector_9      0x9d03f320        0x8 c:/program files (x86)/microchip/xc32/v1.40/bin/bin/../../lib/gcc/pic32mx/4.8.3/../../../../pic32mx/lib\libpic32.a(vector9.o)
                0x9d03f320                __vector_dispatch_9
                0x00000001                ASSERT (((_vector_spacing == 0x0) || (SIZEOF (.vector_9) <= (_vector_spacing << 0x5))), function at exception vector 9 too large)

.vector_10      0x9d03f340        0x8
 *(.vector_10)
 .vector_10     0x9d03f340        0x8 c:/program files (x86)/microchip/xc32/v1.40/bin/bin/../../lib/gcc/pic32mx/4.8.3/../../../../pic32mx/lib\libpic32.a(vector10.o)
                0x9d03f340                __vector_dispatch_10
                0x00000001                ASSERT (((_vector_spacing == 0x0) || (SIZEOF (.vector_10) <= (_vector_spacing << 0x5))), function at exception vector 10 too large)

.vector_11      0x9d03f360        0x8
 *(.vector_11)
 .vector_11     0x9d03f360        0x8 c:/program files (x86)/microchip/xc32/v1.40/bin/bin/../../lib/gcc/pic32mx/4.8.3/../../../../pic32mx/lib\libpic32.a(vector11.o)
                0x9d03f360                __vector_dispatch_11
                0x00000001                ASSERT (((_vector_spacing == 0x0) || (SIZEOF (.vector_11) <= (_vector_spacing << 0x5))), function at exception vector 11 too large)

.vector_12      0x9d03f380        0x8
 *(.vector_12)
 .vector_12     0x9d03f380        0x8 c:/program files (x86)/microchip/xc32/v1.40/bin/bin/../../lib/gcc/pic32mx/4.8.3/../../../../pic32mx/lib\libpic32.a(vector12.o)
                0x9d03f380                __vector_dispatch_12
                0x00000001                ASSERT (((_vector_spacing == 0x0) || (SIZEOF (.vector_12) <= (_vector_spacing << 0x5))), function at exception vector 12 too large)

.vector_13      0x9d03f3a0        0x8
 *(.vector_13)
 .vector_13     0x9d03f3a0        0x8 c:/program files (x86)/microchip/xc32/v1.40/bin/bin/../../lib/gcc/pic32mx/4.8.3/../../../../pic32mx/lib\libpic32.a(vector13.o)
                0x9d03f3a0                __vector_dispatch_13
                0x00000001                ASSERT (((_vector_spacing == 0x0) || (SIZEOF (.vector_13) <= (_vector_spacing << 0x5))), function at exception vector 13 too large)

.vector_14      0x9d03f3c0        0x8
 *(.vector_14)
 .vector_14     0x9d03f3c0        0x8 c:/program files (x86)/microchip/xc32/v1.40/bin/bin/../../lib/gcc/pic32mx/4.8.3/../../../../pic32mx/lib\libpic32.a(vector14.o)
                0x9d03f3c0                __vector_dispatch_14
                0x00000001                ASSERT (((_vector_spacing == 0x0) || (SIZEOF (.vector_14) <= (_vector_spacing << 0x5))), function at exception vector 14 too large)

.vector_15      0x9d03f3e0        0x8
 *(.vector_15)
 .vector_15     0x9d03f3e0        0x8 c:/program files (x86)/microchip/xc32/v1.40/bin/bin/../../lib/gcc/pic32mx/4.8.3/../../../../pic32mx/lib\libpic32.a(vector15.o)
                0x9d03f3e0                __vector_dispatch_15
                0x00000001                ASSERT (((_vector_spacing == 0x0) || (SIZEOF (.vector_15) <= (_vector_spacing << 0x5))), function at exception vector 15 too large)

.vector_16      0x9d03f400        0x8
 *(.vector_16)
 .vector_16     0x9d03f400        0x8 c:/program files (x86)/microchip/xc32/v1.40/bin/bin/../../lib/gcc/pic32mx/4.8.3/../../../../pic32mx/lib\libpic32.a(vector16.o)
                0x9d03f400                __vector_dispatch_16
                0x00000001                ASSERT (((_vector_spacing == 0x0) || (SIZEOF (.vector_16) <= (_vector_spacing << 0x5))), function at exception vector 16 too large)

.vector_17      0x9d03f420        0x8
 *(.vector_17)
 .vector_17     0x9d03f420        0x8 c:/program files (x86)/microchip/xc32/v1.40/bin/bin/../../lib/gcc/pic32mx/4.8.3/../../../../pic32mx/lib\libpic32.a(vector17.o)
                0x9d03f420                __vector_dispatch_17
                0x00000001                ASSERT (((_vector_spacing == 0x0) || (SIZEOF (.vector_17) <= (_vector_spacing << 0x5))), function at exception vector 17 too large)

.vector_18      0x9d03f440        0x8
 *(.vector_18)
 .vector_18     0x9d03f440        0x8 c:/program files (x86)/microchip/xc32/v1.40/bin/bin/../../lib/gcc/pic32mx/4.8.3/../../../../pic32mx/lib\libpic32.a(vector18.o)
                0x9d03f440                __vector_dispatch_18
                0x00000001                ASSERT (((_vector_spacing == 0x0) || (SIZEOF (.vector_18) <= (_vector_spacing << 0x5))), function at exception vector 18 too large)

.vector_19      0x9d03f460        0x8
 *(.vector_19)
 .vector_19     0x9d03f460        0x8 c:/program files (x86)/microchip/xc32/v1.40/bin/bin/../../lib/gcc/pic32mx/4.8.3/../../../../pic32mx/lib\libpic32.a(vector19.o)
                0x9d03f460                __vector_dispatch_19
                0x00000001                ASSERT (((_vector_spacing == 0x0) || (SIZEOF (.vector_19) <= (_vector_spacing << 0x5))), function at exception vector 19 too large)

.vector_20      0x9d03f480        0x8
 *(.vector_20)
 .vector_20     0x9d03f480        0x8 c:/program files (x86)/microchip/xc32/v1.40/bin/bin/../../lib/gcc/pic32mx/4.8.3/../../../../pic32mx/lib\libpic32.a(vector20.o)
                0x9d03f480                __vector_dispatch_20
                0x00000001                ASSERT (((_vector_spacing == 0x0) || (SIZEOF (.vector_20) <= (_vector_spacing << 0x5))), function at exception vector 20 too large)

.vector_21      0x9d03f4a0        0x8
 *(.vector_21)
 .vector_21     0x9d03f4a0        0x8 c:/program files (x86)/microchip/xc32/v1.40/bin/bin/../../lib/gcc/pic32mx/4.8.3/../../../../pic32mx/lib\libpic32.a(vector21.o)
                0x9d03f4a0                __vector_dispatch_21
                0x00000001                ASSERT (((_vector_spacing == 0x0) || (SIZEOF (.vector_21) <= (_vector_spacing << 0x5))), function at exception vector 21 too large)

.vector_22      0x9d03f4c0        0x8
 *(.vector_22)
 .vector_22     0x9d03f4c0        0x8 c:/program files (x86)/microchip/xc32/v1.40/bin/bin/../../lib/gcc/pic32mx/4.8.3/../../../../pic32mx/lib\libpic32.a(vector22.o)
                0x9d03f4c0                __vector_dispatch_22
                0x00000001                ASSERT (((_vector_spacing == 0x0) || (SIZEOF (.vector_22) <= (_vector_spacing << 0x5))), function at exception vector 22 too large)

.vector_23      0x9d03f4e0        0x8
 *(.vector_23)
 .vector_23     0x9d03f4e0        0x8 c:/program files (x86)/microchip/xc32/v1.40/bin/bin/../../lib/gcc/pic32mx/4.8.3/../../../../pic32mx/lib\libpic32.a(vector23.o)
                0x9d03f4e0                __vector_dispatch_23
                0x00000001                ASSERT (((_vector_spacing == 0x0) || (SIZEOF (.vector_23) <= (_vector_spacing << 0x5))), function at exception vector 23 too large)

.vector_24      0x9d03f500        0x8
 *(.vector_24)
 .vector_24     0x9d03f500        0x8 c:/program files (x86)/microchip/xc32/v1.40/bin/bin/../../lib/gcc/pic32mx/4.8.3/../../../../pic32mx/lib\libpic32.a(vector24.o)
                0x9d03f500                __vector_dispatch_24
                0x00000001                ASSERT (((_vector_spacing == 0x0) || (SIZEOF (.vector_24) <= (_vector_spacing << 0x5))), function at exception vector 24 too large)

.vector_25      0x9d03f520        0x8
 *(.vector_25)
 .vector_25     0x9d03f520        0x8 c:/program files (x86)/microchip/xc32/v1.40/bin/bin/../../lib/gcc/pic32mx/4.8.3/../../../../pic32mx/lib\libpic32.a(vector25.o)
                0x9d03f520                __vector_dispatch_25
                0x00000001                ASSERT (((_vector_spacing == 0x0) || (SIZEOF (.vector_25) <= (_vector_spacing << 0x5))), function at exception vector 25 too large)

.vector_26      0x9d03f540        0x8
 *(.vector_26)
 .vector_26     0x9d03f540        0x8 c:/program files (x86)/microchip/xc32/v1.40/bin/bin/../../lib/gcc/pic32mx/4.8.3/../../../../pic32mx/lib\libpic32.a(vector26.o)
                0x9d03f540                __vector_dispatch_26
                0x00000001                ASSERT (((_vector_spacing == 0x0) || (SIZEOF (.vector_26) <= (_vector_spacing << 0x5))), function at exception vector 26 too large)

.vector_27      0x9d03f560        0x8
 *(.vector_27)
 .vector_27     0x9d03f560        0x8 c:/program files (x86)/microchip/xc32/v1.40/bin/bin/../../lib/gcc/pic32mx/4.8.3/../../../../pic32mx/lib\libpic32.a(vector27.o)
                0x9d03f560                __vector_dispatch_27
                0x00000001                ASSERT (((_vector_spacing == 0x0) || (SIZEOF (.vector_27) <= (_vector_spacing << 0x5))), function at exception vector 27 too large)

.vector_28      0x9d03f580        0x8
 *(.vector_28)
 .vector_28     0x9d03f580        0x8 c:/program files (x86)/microchip/xc32/v1.40/bin/bin/../../lib/gcc/pic32mx/4.8.3/../../../../pic32mx/lib\libpic32.a(vector28.o)
                0x9d03f580                __vector_dispatch_28
                0x00000001                ASSERT (((_vector_spacing == 0x0) || (SIZEOF (.vector_28) <= (_vector_spacing << 0x5))), function at exception vector 28 too large)

.vector_29      0x9d03f5a0        0x8
 *(.vector_29)
 .vector_29     0x9d03f5a0        0x8 c:/program files (x86)/microchip/xc32/v1.40/bin/bin/../../lib/gcc/pic32mx/4.8.3/../../../../pic32mx/lib\libpic32.a(vector29.o)
                0x9d03f5a0                __vector_dispatch_29
                0x00000001                ASSERT (((_vector_spacing == 0x0) || (SIZEOF (.vector_29) <= (_vector_spacing << 0x5))), function at exception vector 29 too large)

.vector_30      0x9d03f5c0        0x8
 *(.vector_30)
 .vector_30     0x9d03f5c0        0x8 c:/program files (x86)/microchip/xc32/v1.40/bin/bin/../../lib/gcc/pic32mx/4.8.3/../../../../pic32mx/lib\libpic32.a(vector30.o)
                0x9d03f5c0                __vector_dispatch_30
                0x00000001                ASSERT (((_vector_spacing == 0x0) || (SIZEOF (.vector_30) <= (_vector_spacing << 0x5))), function at exception vector 30 too large)

.vector_31      0x9d03f5e0        0x8
 *(.vector_31)
 .vector_31     0x9d03f5e0        0x8 c:/program files (x86)/microchip/xc32/v1.40/bin/bin/../../lib/gcc/pic32mx/4.8.3/../../../../pic32mx/lib\libpic32.a(vector31.o)
                0x9d03f5e0                __vector_dispatch_31
                0x00000001                ASSERT (((_vector_spacing == 0x0) || (SIZEOF (.vector_31) <= (_vector_spacing << 0x5))), function at exception vector 31 too large)

.vector_32      0x9d03f600        0x8
 *(.vector_32)
 .vector_32     0x9d03f600        0x8 c:/program files (x86)/microchip/xc32/v1.40/bin/bin/../../lib/gcc/pic32mx/4.8.3/../../../../pic32mx/lib\libpic32.a(vector32.o)
                0x9d03f600                __vector_dispatch_32
                0x00000001                ASSERT (((_vector_spacing == 0x0) || (SIZEOF (.vector_32) <= (_vector_spacing << 0x5))), function at exception vector 32 too large)

.vector_33      0x9d03f620        0x8
 *(.vector_33)
 .vector_33     0x9d03f620        0x8 c:/program files (x86)/microchip/xc32/v1.40/bin/bin/../../lib/gcc/pic32mx/4.8.3/../../../../pic32mx/lib\libpic32.a(vector33.o)
                0x9d03f620                __vector_dispatch_33
                0x00000001                ASSERT (((_vector_spacing == 0x0) || (SIZEOF (.vector_33) <= (_vector_spacing << 0x5))), function at exception vector 33 too large)

.vector_34      0x9d03f640        0x8
 *(.vector_34)
 .vector_34     0x9d03f640        0x8 c:/program files (x86)/microchip/xc32/v1.40/bin/bin/../../lib/gcc/pic32mx/4.8.3/../../../../pic32mx/lib\libpic32.a(vector34.o)
                0x9d03f640                __vector_dispatch_34
                0x00000001                ASSERT (((_vector_spacing == 0x0) || (SIZEOF (.vector_34) <= (_vector_spacing << 0x5))), function at exception vector 34 too large)

.vector_35      0x9d03f660        0x8
 *(.vector_35)
 .vector_35     0x9d03f660        0x8 c:/program files (x86)/microchip/xc32/v1.40/bin/bin/../../lib/gcc/pic32mx/4.8.3/../../../../pic32mx/lib\libpic32.a(vector35.o)
                0x9d03f660                __vector_dispatch_35
                0x00000001                ASSERT (((_vector_spacing == 0x0) || (SIZEOF (.vector_35) <= (_vector_spacing << 0x5))), function at exception vector 35 too large)

.vector_36      0x9d03f680        0x8
 *(.vector_36)
 .vector_36     0x9d03f680        0x8 c:/program files (x86)/microchip/xc32/v1.40/bin/bin/../../lib/gcc/pic32mx/4.8.3/../../../../pic32mx/lib\libpic32.a(vector36.o)
                0x9d03f680                __vector_dispatch_36
                0x00000001                ASSERT (((_vector_spacing == 0x0) || (SIZEOF (.vector_36) <= (_vector_spacing << 0x5))), function at exception vector 36 too large)

.vector_37      0x9d03f6a0        0x8
 *(.vector_37)
 .vector_37     0x9d03f6a0        0x8 c:/program files (x86)/microchip/xc32/v1.40/bin/bin/../../lib/gcc/pic32mx/4.8.3/../../../../pic32mx/lib\libpic32.a(vector37.o)
                0x9d03f6a0                __vector_dispatch_37
                0x00000001                ASSERT (((_vector_spacing == 0x0) || (SIZEOF (.vector_37) <= (_vector_spacing << 0x5))), function at exception vector 37 too large)

.vector_38      0x9d03f6c0        0x8
 *(.vector_38)
 .vector_38     0x9d03f6c0        0x8 c:/program files (x86)/microchip/xc32/v1.40/bin/bin/../../lib/gcc/pic32mx/4.8.3/../../../../pic32mx/lib\libpic32.a(vector38.o)
                0x9d03f6c0                __vector_dispatch_38
                0x00000001                ASSERT (((_vector_spacing == 0x0) || (SIZEOF (.vector_38) <= (_vector_spacing << 0x5))), function at exception vector 38 too large)

.vector_39      0x9d03f6e0        0x8
 *(.vector_39)
 .vector_39     0x9d03f6e0        0x8 c:/program files (x86)/microchip/xc32/v1.40/bin/bin/../../lib/gcc/pic32mx/4.8.3/../../../../pic32mx/lib\libpic32.a(vector39.o)
                0x9d03f6e0                __vector_dispatch_39
                0x00000001                ASSERT (((_vector_spacing == 0x0) || (SIZEOF (.vector_39) <= (_vector_spacing << 0x5))), function at exception vector 39 too large)

.vector_40      0x9d03f700        0x8
 *(.vector_40)
 .vector_40     0x9d03f700        0x8 c:/program files (x86)/microchip/xc32/v1.40/bin/bin/../../lib/gcc/pic32mx/4.8.3/../../../../pic32mx/lib\libpic32.a(vector40.o)
                0x9d03f700                __vector_dispatch_40
                0x00000001                ASSERT (((_vector_spacing == 0x0) || (SIZEOF (.vector_40) <= (_vector_spacing << 0x5))), function at exception vector 40 too large)

.vector_41      0x9d03f720        0x8
 *(.vector_41)
 .vector_41     0x9d03f720        0x8 c:/program files (x86)/microchip/xc32/v1.40/bin/bin/../../lib/gcc/pic32mx/4.8.3/../../../../pic32mx/lib\libpic32.a(vector41.o)
                0x9d03f720                __vector_dispatch_41
                0x00000001                ASSERT (((_vector_spacing == 0x0) || (SIZEOF (.vector_41) <= (_vector_spacing << 0x5))), function at exception vector 41 too large)

.vector_42      0x9d03f740        0x8
 *(.vector_42)
 .vector_42     0x9d03f740        0x8 c:/program files (x86)/microchip/xc32/v1.40/bin/bin/../../lib/gcc/pic32mx/4.8.3/../../../../pic32mx/lib\libpic32.a(vector42.o)
                0x9d03f740                __vector_dispatch_42
                0x00000001                ASSERT (((_vector_spacing == 0x0) || (SIZEOF (.vector_42) <= (_vector_spacing << 0x5))), function at exception vector 42 too large)

.vector_43      0x9d03f760        0x8
 *(.vector_43)
 .vector_43     0x9d03f760        0x8 c:/program files (x86)/microchip/xc32/v1.40/bin/bin/../../lib/gcc/pic32mx/4.8.3/../../../../pic32mx/lib\libpic32.a(vector43.o)
                0x9d03f760                __vector_dispatch_43
                0x00000001                ASSERT (((_vector_spacing == 0x0) || (SIZEOF (.vector_43) <= (_vector_spacing << 0x5))), function at exception vector 43 too large)

.vector_44      0x9d03f780        0x0
 *(.vector_44)
                0x00000001                ASSERT (((_vector_spacing == 0x0) || (SIZEOF (.vector_44) <= (_vector_spacing << 0x5))), function at exception vector 44 too large)

.vector_45      0x9d03f7a0        0x0
 *(.vector_45)
                0x00000001                ASSERT (((_vector_spacing == 0x0) || (SIZEOF (.vector_45) <= (_vector_spacing << 0x5))), function at exception vector 45 too large)

.vector_46      0x9d03f7c0        0x0
 *(.vector_46)
                0x00000001                ASSERT (((_vector_spacing == 0x0) || (SIZEOF (.vector_46) <= (_vector_spacing << 0x5))), function at exception vector 46 too large)

.vector_47      0x9d03f7e0        0x0
 *(.vector_47)
                0x00000001                ASSERT (((_vector_spacing == 0x0) || (SIZEOF (.vector_47) <= (_vector_spacing << 0x5))), function at exception vector 47 too large)

.vector_48      0x9d03f800        0x0
 *(.vector_48)
                0x00000001                ASSERT (((_vector_spacing == 0x0) || (SIZEOF (.vector_48) <= (_vector_spacing << 0x5))), function at exception vector 48 too large)

.vector_49      0x9d03f820        0x0
 *(.vector_49)
                0x00000001                ASSERT (((_vector_spacing == 0x0) || (SIZEOF (.vector_49) <= (_vector_spacing << 0x5))), function at exception vector 49 too large)

.vector_50      0x9d03f840        0x0
 *(.vector_50)
                0x00000001                ASSERT (((_vector_spacing == 0x0) || (SIZEOF (.vector_50) <= (_vector_spacing << 0x5))), function at exception vector 50 too large)

.vector_51      0x9d03f860        0x0
 *(.vector_51)
                0x00000001                ASSERT (((_vector_spacing == 0x0) || (SIZEOF (.vector_51) <= (_vector_spacing << 0x5))), function at exception vector 51 too large)

.vector_52      0x9d03f880        0x0
 *(.vector_52)
                0x00000001                ASSERT (((_vector_spacing == 0x0) || (SIZEOF (.vector_52) <= (_vector_spacing << 0x5))), function at exception vector 52 too large)

.vector_53      0x9d03f8a0        0x0
 *(.vector_53)
                0x00000001                ASSERT (((_vector_spacing == 0x0) || (SIZEOF (.vector_53) <= (_vector_spacing << 0x5))), function at exception vector 53 too large)

.vector_54      0x9d03f8c0        0x0
 *(.vector_54)
                0x00000001                ASSERT (((_vector_spacing == 0x0) || (SIZEOF (.vector_54) <= (_vector_spacing << 0x5))), function at exception vector 54 too large)

.vector_55      0x9d03f8e0        0x0
 *(.vector_55)
                0x00000001                ASSERT (((_vector_spacing == 0x0) || (SIZEOF (.vector_55) <= (_vector_spacing << 0x5))), function at exception vector 55 too large)

.vector_56      0x9d03f900        0x0
 *(.vector_56)
                0x00000001                ASSERT (((_vector_spacing == 0x0) || (SIZEOF (.vector_56) <= (_vector_spacing << 0x5))), function at exception vector 56 too large)

.vector_57      0x9d03f920        0x0
 *(.vector_57)
                0x00000001                ASSERT (((_vector_spacing == 0x0) || (SIZEOF (.vector_57) <= (_vector_spacing << 0x5))), function at exception vector 57 too large)

.vector_58      0x9d03f940        0x0
 *(.vector_58)
                0x00000001                ASSERT (((_vector_spacing == 0x0) || (SIZEOF (.vector_58) <= (_vector_spacing << 0x5))), function at exception vector 58 too large)

.vector_59      0x9d03f960        0x0
 *(.vector_59)
                0x00000001                ASSERT (((_vector_spacing == 0x0) || (SIZEOF (.vector_59) <= (_vector_spacing << 0x5))), function at exception vector 59 too large)

.vector_60      0x9d03f980        0x0
 *(.vector_60)
                0x00000001                ASSERT (((_vector_spacing == 0x0) || (SIZEOF (.vector_60) <= (_vector_spacing << 0x5))), function at exception vector 60 too large)

.vector_61      0x9d03f9a0        0x0
 *(.vector_61)
                0x00000001                ASSERT (((_vector_spacing == 0x0) || (SIZEOF (.vector_61) <= (_vector_spacing << 0x5))), function at exception vector 61 too large)

.vector_62      0x9d03f9c0        0x0
 *(.vector_62)
                0x00000001                ASSERT (((_vector_spacing == 0x0) || (SIZEOF (.vector_62) <= (_vector_spacing << 0x5))), function at exception vector 62 too large)

.vector_63      0x9d03f9e0        0x0
 *(.vector_63)
                0x00000001                ASSERT (((_vector_spacing == 0x0) || (SIZEOF (.vector_63) <= (_vector_spacing << 0x5))), function at exception vector 63 too large)

.startup
 *(.startup)

.text           0x9d000000     0xaed0
 *(.stub .gnu.linkonce.t.*)
 .gnu.linkonce.t._ZN10AFramework5APortC1Ev
                0x9d000000       0x24 build/default/debug/_ext/1445274692/main.o
                0x9d000000                AFramework::APort::APort()
 .gnu.linkonce.t._ZNSt9exceptionC2Ev
                0x9d000024       0x34 build/default/debug/_ext/1445274692/main.o
                0x9d000024                std::exception::exception()
 .gnu.linkonce.t._ZNSt9bad_allocC1EPKc
                0x9d000058       0x50 build/default/debug/_ext/1445274692/main.o
                0x9d000058                std::bad_alloc::bad_alloc(char const*)
 .gnu.linkonce.t._ZNKSt9bad_alloc4whatEv
                0x9d0000a8       0x2c build/default/debug/_ext/1445274692/main.o
                0x9d0000a8                std::bad_alloc::what() const
 .gnu.linkonce.t._ZNKSt9bad_alloc8_DoraiseEv
                0x9d0000d4       0x3c build/default/debug/_ext/1445274692/main.o
                0x9d0000d4                std::bad_alloc::_Doraise() const
 .gnu.linkonce.t._ZNSt9bad_allocD1Ev
                0x9d000110       0x64 build/default/debug/_ext/1445274692/main.o
                0x9d000110                std::bad_alloc::~bad_alloc()
 .gnu.linkonce.t._ZNSt9bad_allocD0Ev
                0x9d000174       0x44 build/default/debug/_ext/1445274692/main.o
                0x9d000174                std::bad_alloc::~bad_alloc()
 .gnu.linkonce.t._ZNSt11char_traitsIcE6lengthEPKc
                0x9d0001b8       0x38 build/default/debug/_ext/1445274692/main.o
                0x9d0001b8                std::char_traits<char>::length(char const*)
 .gnu.linkonce.t._ZNSt11char_traitsIcE4copyEPcPKcm
                0x9d0001f0       0x48 build/default/debug/_ext/1445274692/main.o
                0x9d0001f0                std::char_traits<char>::copy(char*, char const*, unsigned long)
 .gnu.linkonce.t._ZNSt11char_traitsIcE4moveEPcPKcm
                0x9d000238       0x48 build/default/debug/_ext/1445274692/main.o
                0x9d000238                std::char_traits<char>::move(char*, char const*, unsigned long)
 .gnu.linkonce.t._ZNSt11char_traitsIcE6assignERcRKc
                0x9d000280       0x38 build/default/debug/_ext/1445274692/main.o
                0x9d000280                std::char_traits<char>::assign(char&, char const&)
 .gnu.linkonce.t._ZNSt11char_traitsIcE11to_int_typeERKc
                0x9d0002b8       0x30 build/default/debug/_ext/1445274692/main.o
                0x9d0002b8                std::char_traits<char>::to_int_type(char const&)
 .gnu.linkonce.t._ZNSt11char_traitsIcE11eq_int_typeERKiS2_
                0x9d0002e8       0x44 build/default/debug/_ext/1445274692/main.o
                0x9d0002e8                std::char_traits<char>::eq_int_type(int const&, int const&)
 .gnu.linkonce.t._ZNSt11char_traitsIcE3eofEv
                0x9d00032c       0x24 build/default/debug/_ext/1445274692/main.o
                0x9d00032c                std::char_traits<char>::eof()
 .gnu.linkonce.t._ZNSt13runtime_errorC2EPKc
                0x9d000350      0x140 build/default/debug/_ext/1445274692/main.o
                0x9d000350                std::runtime_error::runtime_error(char const*)
 .gnu.linkonce.t._ZNSt13runtime_errorD2Ev
                0x9d000490       0xb4 build/default/debug/_ext/1445274692/main.o
                0x9d000490                std::runtime_error::~runtime_error()
 .gnu.linkonce.t._ZNSt13runtime_errorD1Ev
                0x9d000544       0xb4 build/default/debug/_ext/1445274692/main.o
                0x9d000544                std::runtime_error::~runtime_error()
 .gnu.linkonce.t._ZNSt13runtime_errorD0Ev
                0x9d0005f8       0x44 build/default/debug/_ext/1445274692/main.o
                0x9d0005f8                std::runtime_error::~runtime_error()
 .gnu.linkonce.t._ZNKSt13runtime_error4whatEv
                0x9d00063c       0x40 build/default/debug/_ext/1445274692/main.o
                0x9d00063c                std::runtime_error::what() const
 .gnu.linkonce.t._ZNKSt13runtime_error8_DoraiseEv
                0x9d00067c       0x3c build/default/debug/_ext/1445274692/main.o
                0x9d00067c                std::runtime_error::_Doraise() const
 .gnu.linkonce.t._ZNKSt8_Locinfo9_GetctypeEv
                0x9d0006b8       0x68 build/default/debug/_ext/1445274692/main.o
                0x9d0006b8                std::_Locinfo::_Getctype() const
 .gnu.linkonce.t._ZSt8_ToloweriPKSt9_Ctypevec
                0x9d000720       0x44 build/default/debug/_ext/1445274692/main.o
                0x9d000720                std::_Tolower(int, std::_Ctypevec const*)
 .gnu.linkonce.t._ZSt8_ToupperiPKSt9_Ctypevec
                0x9d000764       0x44 build/default/debug/_ext/1445274692/main.o
                0x9d000764                std::_Toupper(int, std::_Ctypevec const*)
 .gnu.linkonce.t._ZNSt6locale2idcvmEv
                0x9d0007a8       0x68 build/default/debug/_ext/1445274692/main.o
                0x9d0007a8                std::locale::id::operator unsigned long()
 .gnu.linkonce.t._ZNSt6locale5facet7_IncrefEv
                0x9d000810       0x4c build/default/debug/_ext/1445274692/main.o
                0x9d000810                std::locale::facet::_Incref()
 .gnu.linkonce.t._ZNSt6locale5facet7_DecrefEv
                0x9d00085c       0x7c build/default/debug/_ext/1445274692/main.o
                0x9d00085c                std::locale::facet::_Decref()
 .gnu.linkonce.t._ZNSt6locale5facetD2Ev
                0x9d0008d8       0x90 build/default/debug/_ext/1445274692/main.o
                0x9d0008d8                std::locale::facet::~facet()
 .gnu.linkonce.t._ZNSt6locale5facetD1Ev
                0x9d000968       0x90 build/default/debug/_ext/1445274692/main.o
                0x9d000968                std::locale::facet::~facet()
 .gnu.linkonce.t._ZNSt6locale5facetD0Ev
                0x9d0009f8       0x44 build/default/debug/_ext/1445274692/main.o
                0x9d0009f8                std::locale::facet::~facet()
 .gnu.linkonce.t._ZNSt6locale5facetC2Em
                0x9d000a3c       0x44 build/default/debug/_ext/1445274692/main.o
                0x9d000a3c                std::locale::facet::facet(unsigned long)
 .gnu.linkonce.t._ZNSt8_LocbaseIiEC2Ev
                0x9d000a80       0x24 build/default/debug/_ext/1445274692/main.o
                0x9d000a80                std::_Locbase<int>::_Locbase()
 .gnu.linkonce.t._ZNSt6localeC1ERKS_
                0x9d000aa4       0x60 build/default/debug/_ext/1445274692/main.o
                0x9d000aa4                std::locale::locale(std::locale const&)
 .gnu.linkonce.t._ZNSt6localeD1Ev
                0x9d000b04       0x70 build/default/debug/_ext/1445274692/main.o
                0x9d000b04                std::locale::~locale()
 .gnu.linkonce.t._ZNKSt6locale5c_strEv
                0x9d000b74       0x44 build/default/debug/_ext/1445274692/main.o
                0x9d000b74                std::locale::c_str() const
 .gnu.linkonce.t._ZNKSt6locale9_GetfacetEm
                0x9d000bb8       0xf4 build/default/debug/_ext/1445274692/main.o
                0x9d000bb8                std::locale::_Getfacet(unsigned long) const
 .gnu.linkonce.t._ZNSt10ctype_baseC2Em
                0x9d000cac       0x54 build/default/debug/_ext/1445274692/main.o
                0x9d000cac                std::ctype_base::ctype_base(unsigned long)
 .gnu.linkonce.t._ZNSt10ctype_baseD2Ev
                0x9d000d00       0xa0 build/default/debug/_ext/1445274692/main.o
                0x9d000d00                std::ctype_base::~ctype_base()
 .gnu.linkonce.t._ZNSt10ctype_baseD1Ev
                0x9d000da0       0xa0 build/default/debug/_ext/1445274692/main.o
                0x9d000da0                std::ctype_base::~ctype_base()
 .gnu.linkonce.t._ZNSt10ctype_baseD0Ev
                0x9d000e40       0x44 build/default/debug/_ext/1445274692/main.o
                0x9d000e40                std::ctype_base::~ctype_base()
 .gnu.linkonce.t._ZNKSt5ctypeIcE5widenEc
                0x9d000e84       0x58 build/default/debug/_ext/1445274692/main.o
                0x9d000e84                std::ctype<char>::widen(char) const
 .gnu.linkonce.t._ZNSt5ctypeIcEC1ERKSt8_Locinfom
                0x9d000edc       0x68 build/default/debug/_ext/1445274692/main.o
                0x9d000edc                std::ctype<char>::ctype(std::_Locinfo const&, unsigned long)
 .gnu.linkonce.t._ZNSt5ctypeIcE7_GetcatEPPKNSt6locale5facetEPKS1_
                0x9d000f44      0x1a0 build/default/debug/_ext/1445274692/main.o
                0x9d000f44                std::ctype<char>::_Getcat(std::locale::facet const**, std::locale const*)
 .gnu.linkonce.t._ZNSt5ctypeIcED1Ev
                0x9d0010e4       0xb0 build/default/debug/_ext/1445274692/main.o
                0x9d0010e4                std::ctype<char>::~ctype()
 .gnu.linkonce.t._ZNSt5ctypeIcED0Ev
                0x9d001194       0x44 build/default/debug/_ext/1445274692/main.o
                0x9d001194                std::ctype<char>::~ctype()
 .gnu.linkonce.t._ZNSt5ctypeIcE5_InitERKSt8_Locinfo
                0x9d0011d8       0x70 build/default/debug/_ext/1445274692/main.o
                0x9d0011d8                std::ctype<char>::_Init(std::_Locinfo const&)
 .gnu.linkonce.t._ZNSt5ctypeIcE5_TidyEv
                0x9d001248       0x8c build/default/debug/_ext/1445274692/main.o
                0x9d001248                std::ctype<char>::_Tidy()
 .gnu.linkonce.t._ZNKSt5ctypeIcE10do_tolowerEc
                0x9d0012d4       0x58 build/default/debug/_ext/1445274692/main.o
                0x9d0012d4                std::ctype<char>::do_tolower(char) const
 .gnu.linkonce.t._ZNKSt5ctypeIcE10do_tolowerEPcPKc
                0x9d00132c       0x90 build/default/debug/_ext/1445274692/main.o
                0x9d00132c                std::ctype<char>::do_tolower(char*, char const*) const
 .gnu.linkonce.t._ZNKSt5ctypeIcE10do_toupperEc
                0x9d0013bc       0x58 build/default/debug/_ext/1445274692/main.o
                0x9d0013bc                std::ctype<char>::do_toupper(char) const
 .gnu.linkonce.t._ZNKSt5ctypeIcE10do_toupperEPcPKc
                0x9d001414       0x90 build/default/debug/_ext/1445274692/main.o
                0x9d001414                std::ctype<char>::do_toupper(char*, char const*) const
 .gnu.linkonce.t._ZNKSt5ctypeIcE8do_widenEc
                0x9d0014a4       0x30 build/default/debug/_ext/1445274692/main.o
                0x9d0014a4                std::ctype<char>::do_widen(char) const
 .gnu.linkonce.t._ZNKSt5ctypeIcE8do_widenEPKcS2_Pc
                0x9d0014d4       0x5c build/default/debug/_ext/1445274692/main.o
                0x9d0014d4                std::ctype<char>::do_widen(char const*, char const*, char*) const
 .gnu.linkonce.t._ZNKSt5ctypeIcE9do_narrowEcc
                0x9d001530       0x38 build/default/debug/_ext/1445274692/main.o
                0x9d001530                std::ctype<char>::do_narrow(char, char) const
 .gnu.linkonce.t._ZNKSt5ctypeIcE9do_narrowEPKcS2_cPc
                0x9d001568       0x60 build/default/debug/_ext/1445274692/main.o
                0x9d001568                std::ctype<char>::do_narrow(char const*, char const*, char, char*) const
 .gnu.linkonce.t._ZNSt14error_categoryD1Ev
                0x9d0015c8       0x90 build/default/debug/_ext/1445274692/main.o
                0x9d0015c8                std::error_category::~error_category()
 .gnu.linkonce.t._ZNSt14error_categoryD0Ev
                0x9d001658       0x44 build/default/debug/_ext/1445274692/main.o
                0x9d001658                std::error_category::~error_category()
 .gnu.linkonce.t._ZNKSt14error_categoryeqERKS_
                0x9d00169c       0x3c build/default/debug/_ext/1445274692/main.o
                0x9d00169c                std::error_category::operator==(std::error_category const&) const
 .gnu.linkonce.t._ZNSt10error_codeC1EiRKSt14error_category
                0x9d0016d8       0x44 build/default/debug/_ext/1445274692/main.o
                0x9d0016d8                std::error_code::error_code(int, std::error_category const&)
 .gnu.linkonce.t._ZNKSt10error_code5valueEv
                0x9d00171c       0x2c build/default/debug/_ext/1445274692/main.o
                0x9d00171c                std::error_code::value() const
 .gnu.linkonce.t._ZNKSt10error_code8categoryEv
                0x9d001748       0x2c build/default/debug/_ext/1445274692/main.o
                0x9d001748                std::error_code::category() const
 .gnu.linkonce.t._ZNSt15error_conditionC1EiRKSt14error_category
                0x9d001774       0x44 build/default/debug/_ext/1445274692/main.o
                0x9d001774                std::error_condition::error_condition(int, std::error_category const&)
 .gnu.linkonce.t._ZNKSt15error_condition5valueEv
                0x9d0017b8       0x2c build/default/debug/_ext/1445274692/main.o
                0x9d0017b8                std::error_condition::value() const
 .gnu.linkonce.t._ZNKSt15error_condition8categoryEv
                0x9d0017e4       0x2c build/default/debug/_ext/1445274692/main.o
                0x9d0017e4                std::error_condition::category() const
 .gnu.linkonce.t._ZNKSt15error_conditioneqERKS_
                0x9d001810       0xa0 build/default/debug/_ext/1445274692/main.o
                0x9d001810                std::error_condition::operator==(std::error_condition const&) const
 .gnu.linkonce.t._ZNKSt14error_category23default_error_conditionEi
                0x9d0018b0       0x4c build/default/debug/_ext/1445274692/main.o
                0x9d0018b0                std::error_category::default_error_condition(int) const
 .gnu.linkonce.t._ZNKSt14error_category10equivalentEiRKSt15error_condition
                0x9d0018fc       0x70 build/default/debug/_ext/1445274692/main.o
                0x9d0018fc                std::error_category::equivalent(int, std::error_condition const&) const
 .gnu.linkonce.t._ZNKSt14error_category10equivalentERKSt10error_codei
                0x9d00196c       0x84 build/default/debug/_ext/1445274692/main.o
                0x9d00196c                std::error_category::equivalent(std::error_code const&, int) const
 .gnu.linkonce.t._ZSt15make_error_codeNSt7io_errc7io_errcE
                0x9d0019f0       0x5c build/default/debug/_ext/1445274692/main.o
                0x9d0019f0                std::make_error_code(std::io_errc::io_errc)
 .gnu.linkonce.t._ZNSt12system_errorC2ESt10error_codePKc
                0x9d001a4c       0x7c build/default/debug/_ext/1445274692/main.o
                0x9d001a4c                std::system_error::system_error(std::error_code, char const*)
 .gnu.linkonce.t._ZNKSt12system_error8_DoraiseEv
                0x9d001ac8       0x3c build/default/debug/_ext/1445274692/main.o
                0x9d001ac8                std::system_error::_Doraise() const
 .gnu.linkonce.t._ZNSt12system_error8_MakestrEv
                0x9d001b04       0x24 build/default/debug/_ext/1445274692/main.o
                0x9d001b04                std::system_error::_Makestr()
 .gnu.linkonce.t._ZNSt12system_errorD2Ev
                0x9d001b28       0x64 build/default/debug/_ext/1445274692/main.o
                0x9d001b28                std::system_error::~system_error()
 .gnu.linkonce.t._ZNSt12system_errorD1Ev
                0x9d001b8c       0x64 build/default/debug/_ext/1445274692/main.o
                0x9d001b8c                std::system_error::~system_error()
 .gnu.linkonce.t._ZNSt12system_errorD0Ev
                0x9d001bf0       0x44 build/default/debug/_ext/1445274692/main.o
                0x9d001bf0                std::system_error::~system_error()
 .gnu.linkonce.t._ZNSt8ios_base7failureC1EPKcRKSt10error_code
                0x9d001c34       0x64 build/default/debug/_ext/1445274692/main.o
                0x9d001c34                std::ios_base::failure::failure(char const*, std::error_code const&)
 .gnu.linkonce.t._ZNKSt8ios_base7failure8_DoraiseEv
                0x9d001c98       0x3c build/default/debug/_ext/1445274692/main.o
                0x9d001c98                std::ios_base::failure::_Doraise() const
 .gnu.linkonce.t._ZNSt8ios_base5clearENSt5_IosbIiE8_IostateEb
                0x9d001cd4      0x350 build/default/debug/_ext/1445274692/main.o
                0x9d001cd4                std::ios_base::clear(std::_Iosb<int>::_Iostate, bool)
 .gnu.linkonce.t._ZNKSt8ios_base7rdstateEv
                0x9d002024       0x2c build/default/debug/_ext/1445274692/main.o
                0x9d002024                std::ios_base::rdstate() const
 .gnu.linkonce.t._ZNKSt8ios_base4goodEv
                0x9d002050       0x40 build/default/debug/_ext/1445274692/main.o
                0x9d002050                std::ios_base::good() const
 .gnu.linkonce.t._ZNKSt8ios_base4failEv
                0x9d002090       0x44 build/default/debug/_ext/1445274692/main.o
                0x9d002090                std::ios_base::fail() const
 .gnu.linkonce.t._ZNKSt8ios_base5flagsEv
                0x9d0020d4       0x2c build/default/debug/_ext/1445274692/main.o
                0x9d0020d4                std::ios_base::flags() const
 .gnu.linkonce.t._ZNKSt8ios_base5widthEv
                0x9d002100       0x2c build/default/debug/_ext/1445274692/main.o
                0x9d002100                std::ios_base::width() const
 .gnu.linkonce.t._ZNSt8ios_base5widthEi
                0x9d00212c       0x44 build/default/debug/_ext/1445274692/main.o
                0x9d00212c                std::ios_base::width(int)
 .gnu.linkonce.t._ZNKSt8ios_base6getlocEv
                0x9d002170       0x4c build/default/debug/_ext/1445274692/main.o
                0x9d002170                std::ios_base::getloc() const
 .gnu.linkonce.t._ZStanNSt5_IosbIiE9_FmtflagsES1_
                0x9d0021bc       0x34 build/default/debug/_ext/1445274692/main.o
                0x9d0021bc                std::operator&(std::_Iosb<int>::_Fmtflags, std::_Iosb<int>::_Fmtflags)
 .gnu.linkonce.t._ZStoRRNSt5_IosbIiE8_IostateES1_
                0x9d0021f0       0x4c build/default/debug/_ext/1445274692/main.o
                0x9d0021f0                std::operator|=(std::_Iosb<int>::_Iostate&, std::_Iosb<int>::_Iostate)
 .gnu.linkonce.t._ZNSsD1Ev
                0x9d00223c       0x8c build/default/debug/_ext/1445274692/main.o
                0x9d00223c                std::basic_string<char, std::char_traits<char>, std::allocator<char> >::~basic_string()
 .gnu.linkonce.t._ZNSsC1EPKc
                0x9d0022c8      0x158 build/default/debug/_ext/1445274692/main.o
                0x9d0022c8                std::basic_string<char, std::char_traits<char>, std::allocator<char> >::basic_string(char const*)
 .gnu.linkonce.t._ZNKSs5c_strEv
                0x9d002420       0x38 build/default/debug/_ext/1445274692/main.o
                0x9d002420                std::string::c_str() const
 .gnu.linkonce.t._ZNKSt5_YarnIcE5c_strEv
                0x9d002458       0x4c build/default/debug/_ext/1445274692/main.o
                0x9d002458                std::_Yarn<char>::c_str() const
 .gnu.linkonce.t._ZSt9use_facetISt5ctypeIcEERKT_RKSt6locale
                0x9d0024a4       0xec build/default/debug/_ext/1445274692/main.o
                0x9d0024a4                std::ctype<char> const& std::use_facet<std::ctype<char> >(std::locale const&)
 .gnu.linkonce.t._ZStlsISt11char_traitsIcEERSt13basic_ostreamIcT_ES5_PKc
                0x9d002590      0x518 build/default/debug/_ext/1445274692/main.o
                0x9d002590                std::basic_ostream<char, std::char_traits<char> >& std::operator<< <std::char_traits<char> >(std::basic_ostream<char, std::char_traits<char> >&, char const*)
 .gnu.linkonce.t._ZSt4endlIcSt11char_traitsIcEERSt13basic_ostreamIT_T0_ES6_
                0x9d002aa8       0x74 build/default/debug/_ext/1445274692/main.o
                0x9d002aa8                std::basic_ostream<char, std::char_traits<char> >& std::endl<char, std::char_traits<char> >(std::basic_ostream<char, std::char_traits<char> >&)
 .gnu.linkonce.t._ZNSolsEPFRSoS_E
                0x9d002b1c       0x40 build/default/debug/_ext/1445274692/main.o
                0x9d002b1c                std::ostream::operator<<(std::ostream& (*)(std::ostream&))
 .gnu.linkonce.t._ZNSt15_Allocator_baseIcEC2Ev
                0x9d002b5c       0x24 build/default/debug/_ext/1445274692/main.o
                0x9d002b5c                std::_Allocator_base<char>::_Allocator_base()
 .gnu.linkonce.t._ZNSaIcEC1ERKS_
                0x9d002b80       0x3c build/default/debug/_ext/1445274692/main.o
                0x9d002b80                std::allocator<char>::allocator(std::allocator<char> const&)
 .gnu.linkonce.t._ZNSt16_Container_base0C2Ev
                0x9d002bbc       0x24 build/default/debug/_ext/1445274692/main.o
                0x9d002bbc                std::_Container_base0::_Container_base0()
 .gnu.linkonce.t._ZNSt11_String_valIcSaIcEEC2ES0_
                0x9d002be0       0x54 build/default/debug/_ext/1445274692/main.o
                0x9d002be0                std::_String_val<char, std::allocator<char> >::_String_val(std::allocator<char>)
 .gnu.linkonce.t._ZNSt11_String_valIcSaIcEED2Ev
                0x9d002c34       0x24 build/default/debug/_ext/1445274692/main.o
                0x9d002c34                std::_String_val<char, std::allocator<char> >::~_String_val()
 .gnu.linkonce.t._ZNSs5_TidyEbm
                0x9d002c58       0xd4 build/default/debug/_ext/1445274692/main.o
                0x9d002c58                std::string::_Tidy(bool, unsigned long)
 .gnu.linkonce.t._ZNSs6assignERKSsmm
                0x9d002d2c      0x160 build/default/debug/_ext/1445274692/main.o
                0x9d002d2c                std::string::assign(std::string const&, unsigned long, unsigned long)
 .gnu.linkonce.t._ZNSaIcEC1Ev
                0x9d002e8c       0x38 build/default/debug/_ext/1445274692/main.o
                0x9d002e8c                std::allocator<char>::allocator()
 .gnu.linkonce.t._ZNSs6assignEPKc
                0x9d002ec4       0x50 build/default/debug/_ext/1445274692/main.o
                0x9d002ec4                std::string::assign(char const*)
 .gnu.linkonce.t._ZNKSs6_MyptrEv
                0x9d002f14       0x4c build/default/debug/_ext/1445274692/main.o
                0x9d002f14                std::string::_Myptr() const
 .gnu.linkonce.t._ZNKSs4sizeEv
                0x9d002f60       0x2c build/default/debug/_ext/1445274692/main.o
                0x9d002f60                std::string::size() const
 .gnu.linkonce.t._ZNSo6sentryC1ERSo
                0x9d002f8c      0x1f4 build/default/debug/_ext/1445274692/main.o
                0x9d002f8c                std::ostream::sentry::sentry(std::ostream&)
 .gnu.linkonce.t._ZNSo6sentryD1Ev
                0x9d003180       0x8c build/default/debug/_ext/1445274692/main.o
                0x9d003180                std::ostream::sentry::~sentry()
 .gnu.linkonce.t._ZNKSo6sentrycvbEv
                0x9d00320c       0x44 build/default/debug/_ext/1445274692/main.o
                0x9d00320c                std::ostream::sentry::operator bool() const
 .gnu.linkonce.t._ZNKSt9basic_iosIcSt11char_traitsIcEE5rdbufEv
                0x9d003250       0x2c build/default/debug/_ext/1445274692/main.o
                0x9d003250                std::basic_ios<char, std::char_traits<char> >::rdbuf() const
 .gnu.linkonce.t._ZNKSt9basic_iosIcSt11char_traitsIcEE4fillEv
                0x9d00327c       0x2c build/default/debug/_ext/1445274692/main.o
                0x9d00327c                std::basic_ios<char, std::char_traits<char> >::fill() const
 .gnu.linkonce.t._ZNSt15basic_streambufIcSt11char_traitsIcEE5sputcEc
                0x9d0032a8       0xa8 build/default/debug/_ext/1445274692/main.o
                0x9d0032a8                std::basic_streambuf<char, std::char_traits<char> >::sputc(char)
 .gnu.linkonce.t._ZNSt15basic_streambufIcSt11char_traitsIcEE5sputnEPKci
                0x9d003350       0x58 build/default/debug/_ext/1445274692/main.o
                0x9d003350                std::basic_streambuf<char, std::char_traits<char> >::sputn(char const*, int)
 .gnu.linkonce.t._ZNSt9basic_iosIcSt11char_traitsIcEE8setstateENSt5_IosbIiE8_IostateEb
                0x9d0033a8       0x7c build/default/debug/_ext/1445274692/main.o
                0x9d0033a8                std::basic_ios<char, std::char_traits<char> >::setstate(std::_Iosb<int>::_Iostate, bool)
 .gnu.linkonce.t._ZNKSt9basic_iosIcSt11char_traitsIcEE5widenEc
                0x9d003424      0x16c build/default/debug/_ext/1445274692/main.o
                0x9d003424                std::basic_ios<char, std::char_traits<char> >::widen(char) const
 .gnu.linkonce.t._ZNSo3putEc
                0x9d003590      0x244 build/default/debug/_ext/1445274692/main.o
                0x9d003590                std::ostream::put(char)
 .gnu.linkonce.t._ZNSo5flushEv
                0x9d0037d4      0x104 build/default/debug/_ext/1445274692/main.o
                0x9d0037d4                std::ostream::flush()
 .gnu.linkonce.t._ZNSaIcE10deallocateEPcm
                0x9d0038d8       0x40 build/default/debug/_ext/1445274692/main.o
                0x9d0038d8                std::allocator<char>::deallocate(char*, unsigned long)
 .gnu.linkonce.t._ZNSs4_EosEm
                0x9d003918       0x70 build/default/debug/_ext/1445274692/main.o
                0x9d003918                std::string::_Eos(unsigned long)
 .gnu.linkonce.t._ZNKSs5_XranEv
                0x9d003988       0x3c build/default/debug/_ext/1445274692/main.o
                0x9d003988                std::string::_Xran() const
 .gnu.linkonce.t._ZNSs5eraseEmm
                0x9d0039c4      0x12c build/default/debug/_ext/1445274692/main.o
                0x9d0039c4                std::string::erase(unsigned long, unsigned long)
 .gnu.linkonce.t._ZNSs5_GrowEmb
                0x9d003af0      0x130 build/default/debug/_ext/1445274692/main.o
                0x9d003af0                std::string::_Grow(unsigned long, bool)
 .gnu.linkonce.t._ZNSs6_MyptrEv
                0x9d003c20       0x4c build/default/debug/_ext/1445274692/main.o
                0x9d003c20                std::string::_Myptr()
 .gnu.linkonce.t._ZNSs6assignEPKcm
                0x9d003c6c       0xd8 build/default/debug/_ext/1445274692/main.o
                0x9d003c6c                std::string::assign(char const*, unsigned long)
 .gnu.linkonce.t._ZNSo12_Sentry_baseC2ERSo
                0x9d003d44       0xbc build/default/debug/_ext/1445274692/main.o
                0x9d003d44                std::ostream::_Sentry_base::_Sentry_base(std::ostream&)
 .gnu.linkonce.t._ZNSo12_Sentry_baseD2Ev
                0x9d003e00       0xe8 build/default/debug/_ext/1445274692/main.o
                0x9d003e00                std::ostream::_Sentry_base::~_Sentry_base()
 .gnu.linkonce.t._ZNKSt9basic_iosIcSt11char_traitsIcEE3tieEv
                0x9d003ee8       0x2c build/default/debug/_ext/1445274692/main.o
                0x9d003ee8                std::basic_ios<char, std::char_traits<char> >::tie() const
 .gnu.linkonce.t._ZNSo5_OsfxEv
                0x9d003f14       0x7c build/default/debug/_ext/1445274692/main.o
                0x9d003f14                std::ostream::_Osfx()
 .gnu.linkonce.t._ZNKSt15basic_streambufIcSt11char_traitsIcEE8_PnavailEv
                0x9d003f90       0x64 build/default/debug/_ext/1445274692/main.o
                0x9d003f90                std::basic_streambuf<char, std::char_traits<char> >::_Pnavail() const
 .gnu.linkonce.t._ZNSt15basic_streambufIcSt11char_traitsIcEE6_PnincEv
                0x9d003ff4       0x38 build/default/debug/_ext/1445274692/main.o
                0x9d003ff4                std::basic_streambuf<char, std::char_traits<char> >::_Pninc()
 .gnu.linkonce.t._ZNSt9basic_iosIcSt11char_traitsIcEE5clearENSt5_IosbIiE8_IostateEb
                0x9d00402c       0x74 build/default/debug/_ext/1445274692/main.o
                0x9d00402c                std::basic_ios<char, std::char_traits<char> >::clear(std::_Iosb<int>::_Iostate, bool)
 .gnu.linkonce.t._ZNSt15basic_streambufIcSt11char_traitsIcEE7pubsyncEv
                0x9d0040a0       0x48 build/default/debug/_ext/1445274692/main.o
                0x9d0040a0                std::basic_streambuf<char, std::char_traits<char> >::pubsync()
 .gnu.linkonce.t._ZNKSs8max_sizeEv
                0x9d0040e8       0x68 build/default/debug/_ext/1445274692/main.o
                0x9d0040e8                std::string::max_size() const
 .gnu.linkonce.t._ZNKSs5_XlenEv
                0x9d004150       0x3c build/default/debug/_ext/1445274692/main.o
                0x9d004150                std::string::_Xlen() const
 .gnu.linkonce.t._ZNSs5_CopyEmm
                0x9d00418c      0x1a8 build/default/debug/_ext/1445274692/main.o
                0x9d00418c                std::string::_Copy(unsigned long, unsigned long)
 .gnu.linkonce.t._ZNSs7_InsideEPKc
                0x9d004334       0xb0 build/default/debug/_ext/1445274692/main.o
                0x9d004334                std::string::_Inside(char const*)
 .gnu.linkonce.t._ZNKSaIcE8max_sizeEv
                0x9d0043e4       0x48 build/default/debug/_ext/1445274692/main.o
                0x9d0043e4                std::allocator<char>::max_size() const
 .gnu.linkonce.t._ZNSaIcE8allocateEm
                0x9d00442c       0x40 build/default/debug/_ext/1445274692/main.o
                0x9d00442c                std::allocator<char>::allocate(unsigned long)
 .gnu.linkonce.t._ZSt9_AllocateIcEPT_mS1_
                0x9d00446c      0x190 build/default/debug/_ext/1445274692/main.o
                0x9d00446c                char* std::_Allocate<char>(unsigned long, char*)
 .gnu.linkonce.t._ZNSt8ios_base7failureD1Ev
                0x9d0045fc       0x64 build/default/debug/_ext/1445274692/main.o
                0x9d0045fc                std::ios_base::failure::~failure()
 .gnu.linkonce.t._ZNSt8ios_base7failureD0Ev
                0x9d004660       0x44 build/default/debug/_ext/1445274692/main.o
                0x9d004660                std::ios_base::failure::~failure()
 .gnu.linkonce.t._ZNSt12codecvt_baseD1Ev
                0x9d0046a4       0x10 c:/program files (x86)/microchip/xc32/v1.40/bin/bin/../../lib/gcc/pic32mx/4.8.3/../../../../pic32mx/lib\libxcpp.a(iostream.o)
                0x9d0046a4                std::codecvt_base::~codecvt_base()
 .gnu.linkonce.t._ZNSt12codecvt_baseD0Ev
                0x9d0046b4       0x24 c:/program files (x86)/microchip/xc32/v1.40/bin/bin/../../lib/gcc/pic32mx/4.8.3/../../../../pic32mx/lib\libxcpp.a(iostream.o)
                0x9d0046b4                std::codecvt_base::~codecvt_base()
 .gnu.linkonce.t._ZNKSt12codecvt_base16do_always_noconvEv
                0x9d0046d8        0x8 c:/program files (x86)/microchip/xc32/v1.40/bin/bin/../../lib/gcc/pic32mx/4.8.3/../../../../pic32mx/lib\libxcpp.a(iostream.o)
                0x9d0046d8                std::codecvt_base::do_always_noconv() const
 .gnu.linkonce.t._ZNKSt12codecvt_base13do_max_lengthEv
                0x9d0046e0        0x8 c:/program files (x86)/microchip/xc32/v1.40/bin/bin/../../lib/gcc/pic32mx/4.8.3/../../../../pic32mx/lib\libxcpp.a(iostream.o)
                0x9d0046e0                std::codecvt_base::do_max_length() const
 .gnu.linkonce.t._ZNKSt12codecvt_base11do_encodingEv
                0x9d0046e8        0x8 c:/program files (x86)/microchip/xc32/v1.40/bin/bin/../../lib/gcc/pic32mx/4.8.3/../../../../pic32mx/lib\libxcpp.a(iostream.o)
                0x9d0046e8                std::codecvt_base::do_encoding() const
 .gnu.linkonce.t._ZNSt15basic_streambufIcSt11char_traitsIcEED1Ev
                0x9d0046f0       0x7c c:/program files (x86)/microchip/xc32/v1.40/bin/bin/../../lib/gcc/pic32mx/4.8.3/../../../../pic32mx/lib\libxcpp.a(iostream.o)
                0x9d0046f0                std::basic_streambuf<char, std::char_traits<char> >::~basic_streambuf()
 .gnu.linkonce.t._ZNSt15basic_streambufIcSt11char_traitsIcEED0Ev
                0x9d00476c       0x90 c:/program files (x86)/microchip/xc32/v1.40/bin/bin/../../lib/gcc/pic32mx/4.8.3/../../../../pic32mx/lib\libxcpp.a(iostream.o)
                0x9d00476c                std::basic_streambuf<char, std::char_traits<char> >::~basic_streambuf()
 .gnu.linkonce.t._ZNSt9basic_iosIcSt11char_traitsIcEED1Ev
                0x9d0047fc       0x24 c:/program files (x86)/microchip/xc32/v1.40/bin/bin/../../lib/gcc/pic32mx/4.8.3/../../../../pic32mx/lib\libxcpp.a(iostream.o)
                0x9d0047fc                std::basic_ios<char, std::char_traits<char> >::~basic_ios()
 .gnu.linkonce.t._ZNSt9basic_iosIcSt11char_traitsIcEED0Ev
                0x9d004820       0x38 c:/program files (x86)/microchip/xc32/v1.40/bin/bin/../../lib/gcc/pic32mx/4.8.3/../../../../pic32mx/lib\libxcpp.a(iostream.o)
                0x9d004820                std::basic_ios<char, std::char_traits<char> >::~basic_ios()
 .gnu.linkonce.t._ZNSt15basic_streambufIcSt11char_traitsIcEE4syncEv
                0x9d004858        0x8 c:/program files (x86)/microchip/xc32/v1.40/bin/bin/../../lib/gcc/pic32mx/4.8.3/../../../../pic32mx/lib\libxcpp.a(iostream.o)
                0x9d004858                std::basic_streambuf<char, std::char_traits<char> >::sync()
 .gnu.linkonce.t._ZNSoD1Ev
                0x9d004860       0x44 c:/program files (x86)/microchip/xc32/v1.40/bin/bin/../../lib/gcc/pic32mx/4.8.3/../../../../pic32mx/lib\libxcpp.a(iostream.o)
                0x9d004860                std::basic_ostream<char, std::char_traits<char> >::~basic_ostream()
                0x9d004894                virtual thunk to std::basic_ostream<char, std::char_traits<char> >::~basic_ostream()
 .gnu.linkonce.t._ZNSoD0Ev
                0x9d0048a4       0x58 c:/program files (x86)/microchip/xc32/v1.40/bin/bin/../../lib/gcc/pic32mx/4.8.3/../../../../pic32mx/lib\libxcpp.a(iostream.o)
                0x9d0048a4                std::basic_ostream<char, std::char_traits<char> >::~basic_ostream()
                0x9d0048ec                virtual thunk to std::basic_ostream<char, std::char_traits<char> >::~basic_ostream()
 .gnu.linkonce.t._ZNSiD1Ev
                0x9d0048fc       0x44 c:/program files (x86)/microchip/xc32/v1.40/bin/bin/../../lib/gcc/pic32mx/4.8.3/../../../../pic32mx/lib\libxcpp.a(iostream.o)
                0x9d0048fc                std::basic_istream<char, std::char_traits<char> >::~basic_istream()
                0x9d004930                virtual thunk to std::basic_istream<char, std::char_traits<char> >::~basic_istream()
 .gnu.linkonce.t._ZNSiD0Ev
                0x9d004940       0x58 c:/program files (x86)/microchip/xc32/v1.40/bin/bin/../../lib/gcc/pic32mx/4.8.3/../../../../pic32mx/lib\libxcpp.a(iostream.o)
                0x9d004940                std::basic_istream<char, std::char_traits<char> >::~basic_istream()
                0x9d004988                virtual thunk to std::basic_istream<char, std::char_traits<char> >::~basic_istream()
 .gnu.linkonce.t._ZNSt13basic_filebufIcSt11char_traitsIcEED1Ev
                0x9d004998      0x2cc c:/program files (x86)/microchip/xc32/v1.40/bin/bin/../../lib/gcc/pic32mx/4.8.3/../../../../pic32mx/lib\libxcpp.a(iostream.o)
                0x9d004998                std::basic_filebuf<char, std::char_traits<char> >::~basic_filebuf()
 .gnu.linkonce.t._ZNSt13basic_filebufIcSt11char_traitsIcEED0Ev
                0x9d004c64      0x478 c:/program files (x86)/microchip/xc32/v1.40/bin/bin/../../lib/gcc/pic32mx/4.8.3/../../../../pic32mx/lib\libxcpp.a(iostream.o)
                0x9d004c64                std::basic_filebuf<char, std::char_traits<char> >::~basic_filebuf()
 .gnu.linkonce.t._ZNSt15basic_streambufIcSt11char_traitsIcEE5_LockEv
                0x9d0050dc        0x8 c:/program files (x86)/microchip/xc32/v1.40/bin/bin/../../lib/gcc/pic32mx/4.8.3/../../../../pic32mx/lib\libxcpp.a(iostream.o)
                0x9d0050dc                std::basic_streambuf<char, std::char_traits<char> >::_Lock()
 .gnu.linkonce.t._ZNSt15basic_streambufIcSt11char_traitsIcEE7_UnlockEv
                0x9d0050e4        0x8 c:/program files (x86)/microchip/xc32/v1.40/bin/bin/../../lib/gcc/pic32mx/4.8.3/../../../../pic32mx/lib\libxcpp.a(iostream.o)
                0x9d0050e4                std::basic_streambuf<char, std::char_traits<char> >::_Unlock()
 .gnu.linkonce.t._ZNSt13basic_filebufIcSt11char_traitsIcEE8overflowEi
                0x9d0050ec      0x40c c:/program files (x86)/microchip/xc32/v1.40/bin/bin/../../lib/gcc/pic32mx/4.8.3/../../../../pic32mx/lib\libxcpp.a(iostream.o)
                0x9d0050ec                std::basic_filebuf<char, std::char_traits<char> >::overflow(int)
 .gnu.linkonce.t._ZNSt13basic_filebufIcSt11char_traitsIcEE9pbackfailEi
                0x9d0054f8      0x14c c:/program files (x86)/microchip/xc32/v1.40/bin/bin/../../lib/gcc/pic32mx/4.8.3/../../../../pic32mx/lib\libxcpp.a(iostream.o)
                0x9d0054f8                std::basic_filebuf<char, std::char_traits<char> >::pbackfail(int)
 .gnu.linkonce.t._ZNSt15basic_streambufIcSt11char_traitsIcEE9showmanycEv
                0x9d005644        0x8 c:/program files (x86)/microchip/xc32/v1.40/bin/bin/../../lib/gcc/pic32mx/4.8.3/../../../../pic32mx/lib\libxcpp.a(iostream.o)
                0x9d005644                std::basic_streambuf<char, std::char_traits<char> >::showmanyc()
 .gnu.linkonce.t._ZNSt13basic_filebufIcSt11char_traitsIcEE9underflowEv
                0x9d00564c       0x94 c:/program files (x86)/microchip/xc32/v1.40/bin/bin/../../lib/gcc/pic32mx/4.8.3/../../../../pic32mx/lib\libxcpp.a(iostream.o)
                0x9d00564c                std::basic_filebuf<char, std::char_traits<char> >::underflow()
 .gnu.linkonce.t._ZNSt13basic_filebufIcSt11char_traitsIcEE5uflowEv
                0x9d0056e0      0x510 c:/program files (x86)/microchip/xc32/v1.40/bin/bin/../../lib/gcc/pic32mx/4.8.3/../../../../pic32mx/lib\libxcpp.a(iostream.o)
                0x9d0056e0                std::basic_filebuf<char, std::char_traits<char> >::uflow()
 .gnu.linkonce.t._ZNSt15basic_streambufIcSt11char_traitsIcEE6xsgetnEPci
                0x9d005bf0       0xf8 c:/program files (x86)/microchip/xc32/v1.40/bin/bin/../../lib/gcc/pic32mx/4.8.3/../../../../pic32mx/lib\libxcpp.a(iostream.o)
                0x9d005bf0                std::basic_streambuf<char, std::char_traits<char> >::xsgetn(char*, int)
 .gnu.linkonce.t._ZNSt15basic_streambufIcSt11char_traitsIcEE6xsputnEPKci
                0x9d005ce8       0xf8 c:/program files (x86)/microchip/xc32/v1.40/bin/bin/../../lib/gcc/pic32mx/4.8.3/../../../../pic32mx/lib\libxcpp.a(iostream.o)
                0x9d005ce8                std::basic_streambuf<char, std::char_traits<char> >::xsputn(char const*, int)
 .gnu.linkonce.t._ZNSt13basic_filebufIcSt11char_traitsIcEE7seekoffElNSt5_IosbIiE8_SeekdirENS4_9_OpenmodeE
                0x9d005de0      0x340 c:/program files (x86)/microchip/xc32/v1.40/bin/bin/../../lib/gcc/pic32mx/4.8.3/../../../../pic32mx/lib\libxcpp.a(iostream.o)
                0x9d005de0                std::basic_filebuf<char, std::char_traits<char> >::seekoff(long, std::_Iosb<int>::_Seekdir, std::_Iosb<int>::_Openmode)
 .gnu.linkonce.t._ZNSt13basic_filebufIcSt11char_traitsIcEE7seekposESt4fposI9_MbstatetENSt5_IosbIiE9_OpenmodeE
                0x9d006120      0x358 c:/program files (x86)/microchip/xc32/v1.40/bin/bin/../../lib/gcc/pic32mx/4.8.3/../../../../pic32mx/lib\libxcpp.a(iostream.o)
                0x9d006120                std::basic_filebuf<char, std::char_traits<char> >::seekpos(std::fpos<_Mbstatet>, std::_Iosb<int>::_Openmode)
 .gnu.linkonce.t._ZNSt13basic_filebufIcSt11char_traitsIcEE6setbufEPci
                0x9d006478      0x108 c:/program files (x86)/microchip/xc32/v1.40/bin/bin/../../lib/gcc/pic32mx/4.8.3/../../../../pic32mx/lib\libxcpp.a(iostream.o)
                0x9d006478                std::basic_filebuf<char, std::char_traits<char> >::setbuf(char*, int)
 .gnu.linkonce.t._ZNSt13basic_filebufIcSt11char_traitsIcEE4syncEv
                0x9d006580       0x64 c:/program files (x86)/microchip/xc32/v1.40/bin/bin/../../lib/gcc/pic32mx/4.8.3/../../../../pic32mx/lib\libxcpp.a(iostream.o)
                0x9d006580                std::basic_filebuf<char, std::char_traits<char> >::sync()
 .gnu.linkonce.t._ZNSt13basic_filebufIcSt11char_traitsIcEE5imbueERKSt6locale
                0x9d0065e4      0x1c8 c:/program files (x86)/microchip/xc32/v1.40/bin/bin/../../lib/gcc/pic32mx/4.8.3/../../../../pic32mx/lib\libxcpp.a(iostream.o)
                0x9d0065e4                std::basic_filebuf<char, std::char_traits<char> >::imbue(std::locale const&)
 .gnu.linkonce.t._ZNSt15basic_streambufIcSt11char_traitsIcEE8overflowEi
                0x9d0067ac        0x8 c:/program files (x86)/microchip/xc32/v1.40/bin/bin/../../lib/gcc/pic32mx/4.8.3/../../../../pic32mx/lib\libxcpp.a(iostream.o)
                0x9d0067ac                std::basic_streambuf<char, std::char_traits<char> >::overflow(int)
 .gnu.linkonce.t._ZNSt15basic_streambufIcSt11char_traitsIcEE9pbackfailEi
                0x9d0067b4        0x8 c:/program files (x86)/microchip/xc32/v1.40/bin/bin/../../lib/gcc/pic32mx/4.8.3/../../../../pic32mx/lib\libxcpp.a(iostream.o)
                0x9d0067b4                std::basic_streambuf<char, std::char_traits<char> >::pbackfail(int)
 .gnu.linkonce.t._ZNSt15basic_streambufIcSt11char_traitsIcEE9underflowEv
                0x9d0067bc        0x8 c:/program files (x86)/microchip/xc32/v1.40/bin/bin/../../lib/gcc/pic32mx/4.8.3/../../../../pic32mx/lib\libxcpp.a(iostream.o)
                0x9d0067bc                std::basic_streambuf<char, std::char_traits<char> >::underflow()
 .gnu.linkonce.t._ZNSt15basic_streambufIcSt11char_traitsIcEE5uflowEv
                0x9d0067c4       0x4c c:/program files (x86)/microchip/xc32/v1.40/bin/bin/../../lib/gcc/pic32mx/4.8.3/../../../../pic32mx/lib\libxcpp.a(iostream.o)
                0x9d0067c4                std::basic_streambuf<char, std::char_traits<char> >::uflow()
 .gnu.linkonce.t._ZNSt15basic_streambufIcSt11char_traitsIcEE7seekoffElNSt5_IosbIiE8_SeekdirENS4_9_OpenmodeE
                0x9d006810       0x48 c:/program files (x86)/microchip/xc32/v1.40/bin/bin/../../lib/gcc/pic32mx/4.8.3/../../../../pic32mx/lib\libxcpp.a(iostream.o)
                0x9d006810                std::basic_streambuf<char, std::char_traits<char> >::seekoff(long, std::_Iosb<int>::_Seekdir, std::_Iosb<int>::_Openmode)
 .gnu.linkonce.t._ZNSt15basic_streambufIcSt11char_traitsIcEE7seekposESt4fposI9_MbstatetENSt5_IosbIiE9_OpenmodeE
                0x9d006858       0x50 c:/program files (x86)/microchip/xc32/v1.40/bin/bin/../../lib/gcc/pic32mx/4.8.3/../../../../pic32mx/lib\libxcpp.a(iostream.o)
                0x9d006858                std::basic_streambuf<char, std::char_traits<char> >::seekpos(std::fpos<_Mbstatet>, std::_Iosb<int>::_Openmode)
 .gnu.linkonce.t._ZNSt15basic_streambufIcSt11char_traitsIcEE6setbufEPci
                0x9d0068a8        0x8 c:/program files (x86)/microchip/xc32/v1.40/bin/bin/../../lib/gcc/pic32mx/4.8.3/../../../../pic32mx/lib\libxcpp.a(iostream.o)
                0x9d0068a8                std::basic_streambuf<char, std::char_traits<char> >::setbuf(char*, int)
 .gnu.linkonce.t._ZNSt15basic_streambufIcSt11char_traitsIcEE5imbueERKSt6locale
                0x9d0068b0        0x8 c:/program files (x86)/microchip/xc32/v1.40/bin/bin/../../lib/gcc/pic32mx/4.8.3/../../../../pic32mx/lib\libxcpp.a(iostream.o)
                0x9d0068b0                std::basic_streambuf<char, std::char_traits<char> >::imbue(std::locale const&)
 .gnu.linkonce.t._ZNSs6appendEmc
                0x9d0068b8      0x2ac c:/program files (x86)/microchip/xc32/v1.40/bin/bin/../../lib/gcc/pic32mx/4.8.3/../../../../pic32mx/lib\libxcpp.a(iostream.o)
                0x9d0068b8                std::string::append(unsigned long, char)
 .gnu.linkonce.t._ZNKSt7codecvtIcc9_MbstatetE6do_outERS0_PKcS4_RS4_PcS6_RS6_
                0x9d006b64       0x1c c:/program files (x86)/microchip/xc32/v1.40/bin/bin/../../lib/gcc/pic32mx/4.8.3/../../../../pic32mx/lib\libxcpp.a(iostream.o)
                0x9d006b64                std::codecvt<char, char, _Mbstatet>::do_out(_Mbstatet&, char const*, char const*, char const*&, char*, char*, char*&) const
 .gnu.linkonce.t._ZNKSt7codecvtIcc9_MbstatetE5do_inERS0_PKcS4_RS4_PcS6_RS6_
                0x9d006b80       0x1c c:/program files (x86)/microchip/xc32/v1.40/bin/bin/../../lib/gcc/pic32mx/4.8.3/../../../../pic32mx/lib\libxcpp.a(iostream.o)
                0x9d006b80                std::codecvt<char, char, _Mbstatet>::do_in(_Mbstatet&, char const*, char const*, char const*&, char*, char*, char*&) const
 .gnu.linkonce.t._ZNKSt7codecvtIcc9_MbstatetE10do_unshiftERS0_PcS3_RS3_
                0x9d006b9c       0x10 c:/program files (x86)/microchip/xc32/v1.40/bin/bin/../../lib/gcc/pic32mx/4.8.3/../../../../pic32mx/lib\libxcpp.a(iostream.o)
                0x9d006b9c                std::codecvt<char, char, _Mbstatet>::do_unshift(_Mbstatet&, char*, char*, char*&) const
 .gnu.linkonce.t._ZNSt7codecvtIcc9_MbstatetED1Ev
                0x9d006bac       0x10 c:/program files (x86)/microchip/xc32/v1.40/bin/bin/../../lib/gcc/pic32mx/4.8.3/../../../../pic32mx/lib\libxcpp.a(iostream.o)
                0x9d006bac                std::codecvt<char, char, _Mbstatet>::~codecvt()
 .gnu.linkonce.t._ZNSt7codecvtIcc9_MbstatetED0Ev
                0x9d006bbc       0x24 c:/program files (x86)/microchip/xc32/v1.40/bin/bin/../../lib/gcc/pic32mx/4.8.3/../../../../pic32mx/lib\libxcpp.a(iostream.o)
                0x9d006bbc                std::codecvt<char, char, _Mbstatet>::~codecvt()
 .gnu.linkonce.t._ZNKSt7codecvtIcc9_MbstatetE9do_lengthERKS0_PKcS5_m
                0x9d006be0       0x18 c:/program files (x86)/microchip/xc32/v1.40/bin/bin/../../lib/gcc/pic32mx/4.8.3/../../../../pic32mx/lib\libxcpp.a(iostream.o)
                0x9d006be0                std::codecvt<char, char, _Mbstatet>::do_length(_Mbstatet const&, char const*, char const*, unsigned long) const
 .gnu.linkonce.t._ZNSt11logic_errorD1Ev
                0x9d006bf8       0x58 c:/program files (x86)/microchip/xc32/v1.40/bin/bin/../../lib/gcc/pic32mx/4.8.3/../../../../pic32mx/lib\libxcpp.a(xthrow.o)
                0x9d006bf8                std::logic_error::~logic_error()
 .gnu.linkonce.t._ZNSt11logic_errorD0Ev
                0x9d006c50       0x60 c:/program files (x86)/microchip/xc32/v1.40/bin/bin/../../lib/gcc/pic32mx/4.8.3/../../../../pic32mx/lib\libxcpp.a(xthrow.o)
                0x9d006c50                std::logic_error::~logic_error()
 .gnu.linkonce.t._ZNKSt11logic_error4whatEv
                0x9d006cb0       0x20 c:/program files (x86)/microchip/xc32/v1.40/bin/bin/../../lib/gcc/pic32mx/4.8.3/../../../../pic32mx/lib\libxcpp.a(xthrow.o)
                0x9d006cb0                std::logic_error::what() const
 .gnu.linkonce.t._ZNKSt11logic_error8_DoraiseEv
                0x9d006cd0       0x1c c:/program files (x86)/microchip/xc32/v1.40/bin/bin/../../lib/gcc/pic32mx/4.8.3/../../../../pic32mx/lib\libxcpp.a(xthrow.o)
                0x9d006cd0                std::logic_error::_Doraise() const
 .gnu.linkonce.t._ZNKSt16invalid_argument8_DoraiseEv
                0x9d006cec       0x1c c:/program files (x86)/microchip/xc32/v1.40/bin/bin/../../lib/gcc/pic32mx/4.8.3/../../../../pic32mx/lib\libxcpp.a(xthrow.o)
                0x9d006cec                std::invalid_argument::_Doraise() const
 .gnu.linkonce.t._ZNKSt12length_error8_DoraiseEv
                0x9d006d08       0x1c c:/program files (x86)/microchip/xc32/v1.40/bin/bin/../../lib/gcc/pic32mx/4.8.3/../../../../pic32mx/lib\libxcpp.a(xthrow.o)
                0x9d006d08                std::length_error::_Doraise() const
 .gnu.linkonce.t._ZNKSt12out_of_range8_DoraiseEv
                0x9d006d24       0x1c c:/program files (x86)/microchip/xc32/v1.40/bin/bin/../../lib/gcc/pic32mx/4.8.3/../../../../pic32mx/lib\libxcpp.a(xthrow.o)
                0x9d006d24                std::out_of_range::_Doraise() const
 .gnu.linkonce.t._ZNKSt14overflow_error8_DoraiseEv
                0x9d006d40       0x1c c:/program files (x86)/microchip/xc32/v1.40/bin/bin/../../lib/gcc/pic32mx/4.8.3/../../../../pic32mx/lib\libxcpp.a(xthrow.o)
                0x9d006d40                std::overflow_error::_Doraise() const
 .gnu.linkonce.t._ZNSt14overflow_errorD1Ev
                0x9d006d5c       0x58 c:/program files (x86)/microchip/xc32/v1.40/bin/bin/../../lib/gcc/pic32mx/4.8.3/../../../../pic32mx/lib\libxcpp.a(xthrow.o)
                0x9d006d5c                std::overflow_error::~overflow_error()
 .gnu.linkonce.t._ZNSt14overflow_errorD0Ev
                0x9d006db4       0x60 c:/program files (x86)/microchip/xc32/v1.40/bin/bin/../../lib/gcc/pic32mx/4.8.3/../../../../pic32mx/lib\libxcpp.a(xthrow.o)
                0x9d006db4                std::overflow_error::~overflow_error()
 .gnu.linkonce.t._ZNSt12out_of_rangeD1Ev
                0x9d006e14       0x58 c:/program files (x86)/microchip/xc32/v1.40/bin/bin/../../lib/gcc/pic32mx/4.8.3/../../../../pic32mx/lib\libxcpp.a(xthrow.o)
                0x9d006e14                std::out_of_range::~out_of_range()
 .gnu.linkonce.t._ZNSt12out_of_rangeD0Ev
                0x9d006e6c       0x60 c:/program files (x86)/microchip/xc32/v1.40/bin/bin/../../lib/gcc/pic32mx/4.8.3/../../../../pic32mx/lib\libxcpp.a(xthrow.o)
                0x9d006e6c                std::out_of_range::~out_of_range()
 .gnu.linkonce.t._ZNSt12length_errorD1Ev
                0x9d006ecc       0x58 c:/program files (x86)/microchip/xc32/v1.40/bin/bin/../../lib/gcc/pic32mx/4.8.3/../../../../pic32mx/lib\libxcpp.a(xthrow.o)
                0x9d006ecc                std::length_error::~length_error()
 .gnu.linkonce.t._ZNSt12length_errorD0Ev
                0x9d006f24       0x60 c:/program files (x86)/microchip/xc32/v1.40/bin/bin/../../lib/gcc/pic32mx/4.8.3/../../../../pic32mx/lib\libxcpp.a(xthrow.o)
                0x9d006f24                std::length_error::~length_error()
 .gnu.linkonce.t._ZNSt16invalid_argumentD1Ev
                0x9d006f84       0x58 c:/program files (x86)/microchip/xc32/v1.40/bin/bin/../../lib/gcc/pic32mx/4.8.3/../../../../pic32mx/lib\libxcpp.a(xthrow.o)
                0x9d006f84                std::invalid_argument::~invalid_argument()
 .gnu.linkonce.t._ZNSt16invalid_argumentD0Ev
                0x9d006fdc       0x60 c:/program files (x86)/microchip/xc32/v1.40/bin/bin/../../lib/gcc/pic32mx/4.8.3/../../../../pic32mx/lib\libxcpp.a(xthrow.o)
                0x9d006fdc                std::invalid_argument::~invalid_argument()
 .gnu.linkonce.t._ZNSt7codecvtIwc9_MbstatetED1Ev
                0x9d00703c       0x10 c:/program files (x86)/microchip/xc32/v1.40/bin/bin/../../lib/gcc/pic32mx/4.8.3/../../../../pic32mx/lib\libxcpp.a(wiostrea.o)
                0x9d00703c                std::codecvt<wchar_t, char, _Mbstatet>::~codecvt()
 .gnu.linkonce.t._ZNSt7codecvtIwc9_MbstatetED0Ev
                0x9d00704c       0x24 c:/program files (x86)/microchip/xc32/v1.40/bin/bin/../../lib/gcc/pic32mx/4.8.3/../../../../pic32mx/lib\libxcpp.a(wiostrea.o)
                0x9d00704c                std::codecvt<wchar_t, char, _Mbstatet>::~codecvt()
 .gnu.linkonce.t._ZNKSt7codecvtIwc9_MbstatetE5do_inERS0_PKcS4_RS4_PwS6_RS6_
                0x9d007070      0x16c c:/program files (x86)/microchip/xc32/v1.40/bin/bin/../../lib/gcc/pic32mx/4.8.3/../../../../pic32mx/lib\libxcpp.a(wiostrea.o)
                0x9d007070                std::codecvt<wchar_t, char, _Mbstatet>::do_in(_Mbstatet&, char const*, char const*, char const*&, wchar_t*, wchar_t*, wchar_t*&) const
 .gnu.linkonce.t._ZNKSt7codecvtIwc9_MbstatetE6do_outERS0_PKwS4_RS4_PcS6_RS6_
                0x9d0071dc      0x1fc c:/program files (x86)/microchip/xc32/v1.40/bin/bin/../../lib/gcc/pic32mx/4.8.3/../../../../pic32mx/lib\libxcpp.a(wiostrea.o)
                0x9d0071dc                std::codecvt<wchar_t, char, _Mbstatet>::do_out(_Mbstatet&, wchar_t const*, wchar_t const*, wchar_t const*&, char*, char*, char*&) const
 .gnu.linkonce.t._ZNKSt7codecvtIwc9_MbstatetE10do_unshiftERS0_PcS3_RS3_
                0x9d0073d8      0x134 c:/program files (x86)/microchip/xc32/v1.40/bin/bin/../../lib/gcc/pic32mx/4.8.3/../../../../pic32mx/lib\libxcpp.a(wiostrea.o)
                0x9d0073d8                std::codecvt<wchar_t, char, _Mbstatet>::do_unshift(_Mbstatet&, char*, char*, char*&) const
 .gnu.linkonce.t._ZNKSt7codecvtIwc9_MbstatetE9do_lengthERKS0_PKcS5_m
                0x9d00750c       0xec c:/program files (x86)/microchip/xc32/v1.40/bin/bin/../../lib/gcc/pic32mx/4.8.3/../../../../pic32mx/lib\libxcpp.a(wiostrea.o)
                0x9d00750c                std::codecvt<wchar_t, char, _Mbstatet>::do_length(_Mbstatet const&, char const*, char const*, unsigned long) const
 .gnu.linkonce.t._ZNKSt7codecvtIwc9_MbstatetE16do_always_noconvEv
                0x9d0075f8        0x8 c:/program files (x86)/microchip/xc32/v1.40/bin/bin/../../lib/gcc/pic32mx/4.8.3/../../../../pic32mx/lib\libxcpp.a(wiostrea.o)
                0x9d0075f8                std::codecvt<wchar_t, char, _Mbstatet>::do_always_noconv() const
 .gnu.linkonce.t._ZNKSt7codecvtIwc9_MbstatetE13do_max_lengthEv
                0x9d007600        0x8 c:/program files (x86)/microchip/xc32/v1.40/bin/bin/../../lib/gcc/pic32mx/4.8.3/../../../../pic32mx/lib\libxcpp.a(wiostrea.o)
                0x9d007600                std::codecvt<wchar_t, char, _Mbstatet>::do_max_length() const
 .gnu.linkonce.t._ZNKSt7codecvtIwc9_MbstatetE11do_encodingEv
                0x9d007608        0x8 c:/program files (x86)/microchip/xc32/v1.40/bin/bin/../../lib/gcc/pic32mx/4.8.3/../../../../pic32mx/lib\libxcpp.a(wiostrea.o)
                0x9d007608                std::codecvt<wchar_t, char, _Mbstatet>::do_encoding() const
 .gnu.linkonce.t._ZNSt5ctypeIwED1Ev
                0x9d007610       0x48 c:/program files (x86)/microchip/xc32/v1.40/bin/bin/../../lib/gcc/pic32mx/4.8.3/../../../../pic32mx/lib\libxcpp.a(wiostrea.o)
                0x9d007610                std::ctype<wchar_t>::~ctype()
 .gnu.linkonce.t._ZNSt5ctypeIwED0Ev
                0x9d007658       0x50 c:/program files (x86)/microchip/xc32/v1.40/bin/bin/../../lib/gcc/pic32mx/4.8.3/../../../../pic32mx/lib\libxcpp.a(wiostrea.o)
                0x9d007658                std::ctype<wchar_t>::~ctype()
 .gnu.linkonce.t._ZNKSt5ctypeIwE5do_isEsw
                0x9d0076a8       0x5c c:/program files (x86)/microchip/xc32/v1.40/bin/bin/../../lib/gcc/pic32mx/4.8.3/../../../../pic32mx/lib\libxcpp.a(wiostrea.o)
                0x9d0076a8                std::ctype<wchar_t>::do_is(short, wchar_t) const
 .gnu.linkonce.t._ZNKSt5ctypeIwE5do_isEPKwS2_Ps
                0x9d007704       0x90 c:/program files (x86)/microchip/xc32/v1.40/bin/bin/../../lib/gcc/pic32mx/4.8.3/../../../../pic32mx/lib\libxcpp.a(wiostrea.o)
                0x9d007704                std::ctype<wchar_t>::do_is(wchar_t const*, wchar_t const*, short*) const
 .gnu.linkonce.t._ZNKSt5ctypeIwE10do_scan_isEsPKwS2_
                0x9d007794       0x78 c:/program files (x86)/microchip/xc32/v1.40/bin/bin/../../lib/gcc/pic32mx/4.8.3/../../../../pic32mx/lib\libxcpp.a(wiostrea.o)
                0x9d007794                std::ctype<wchar_t>::do_scan_is(short, wchar_t const*, wchar_t const*) const
 .gnu.linkonce.t._ZNKSt5ctypeIwE11do_scan_notEsPKwS2_
                0x9d00780c       0x78 c:/program files (x86)/microchip/xc32/v1.40/bin/bin/../../lib/gcc/pic32mx/4.8.3/../../../../pic32mx/lib\libxcpp.a(wiostrea.o)
                0x9d00780c                std::ctype<wchar_t>::do_scan_not(short, wchar_t const*, wchar_t const*) const
 .gnu.linkonce.t._ZNKSt5ctypeIwE10do_tolowerEw
                0x9d007884       0x68 c:/program files (x86)/microchip/xc32/v1.40/bin/bin/../../lib/gcc/pic32mx/4.8.3/../../../../pic32mx/lib\libxcpp.a(wiostrea.o)
                0x9d007884                std::ctype<wchar_t>::do_tolower(wchar_t) const
 .gnu.linkonce.t._ZNKSt5ctypeIwE10do_tolowerEPwPKw
                0x9d0078ec       0xa4 c:/program files (x86)/microchip/xc32/v1.40/bin/bin/../../lib/gcc/pic32mx/4.8.3/../../../../pic32mx/lib\libxcpp.a(wiostrea.o)
                0x9d0078ec                std::ctype<wchar_t>::do_tolower(wchar_t*, wchar_t const*) const
 .gnu.linkonce.t._ZNKSt5ctypeIwE10do_toupperEw
                0x9d007990       0x68 c:/program files (x86)/microchip/xc32/v1.40/bin/bin/../../lib/gcc/pic32mx/4.8.3/../../../../pic32mx/lib\libxcpp.a(wiostrea.o)
                0x9d007990                std::ctype<wchar_t>::do_toupper(wchar_t) const
 .gnu.linkonce.t._ZNKSt5ctypeIwE10do_toupperEPwPKw
                0x9d0079f8       0xa4 c:/program files (x86)/microchip/xc32/v1.40/bin/bin/../../lib/gcc/pic32mx/4.8.3/../../../../pic32mx/lib\libxcpp.a(wiostrea.o)
                0x9d0079f8                std::ctype<wchar_t>::do_toupper(wchar_t*, wchar_t const*) const
 .gnu.linkonce.t._ZNKSt5ctypeIwE8do_widenEc
                0x9d007a9c       0x48 c:/program files (x86)/microchip/xc32/v1.40/bin/bin/../../lib/gcc/pic32mx/4.8.3/../../../../pic32mx/lib\libxcpp.a(wiostrea.o)
                0x9d007a9c                std::ctype<wchar_t>::do_widen(char) const
 .gnu.linkonce.t._ZNKSt5ctypeIwE8do_widenEPKcS2_Pw
                0x9d007ae4       0x98 c:/program files (x86)/microchip/xc32/v1.40/bin/bin/../../lib/gcc/pic32mx/4.8.3/../../../../pic32mx/lib\libxcpp.a(wiostrea.o)
                0x9d007ae4                std::ctype<wchar_t>::do_widen(char const*, char const*, wchar_t*) const
 .gnu.linkonce.t._ZNKSt5ctypeIwE9do_narrowEwc
                0x9d007b7c       0x50 c:/program files (x86)/microchip/xc32/v1.40/bin/bin/../../lib/gcc/pic32mx/4.8.3/../../../../pic32mx/lib\libxcpp.a(wiostrea.o)
                0x9d007b7c                std::ctype<wchar_t>::do_narrow(wchar_t, char) const
 .gnu.linkonce.t._ZNKSt5ctypeIwE9do_narrowEPKwS2_cPc
                0x9d007bcc       0x98 c:/program files (x86)/microchip/xc32/v1.40/bin/bin/../../lib/gcc/pic32mx/4.8.3/../../../../pic32mx/lib\libxcpp.a(wiostrea.o)
                0x9d007bcc                std::ctype<wchar_t>::do_narrow(wchar_t const*, wchar_t const*, char, char*) const
 .gnu.linkonce.t._ZNSt15basic_streambufIwSt11char_traitsIwEED1Ev
                0x9d007c64       0x7c c:/program files (x86)/microchip/xc32/v1.40/bin/bin/../../lib/gcc/pic32mx/4.8.3/../../../../pic32mx/lib\libxcpp.a(wiostrea.o)
                0x9d007c64                std::basic_streambuf<wchar_t, std::char_traits<wchar_t> >::~basic_streambuf()
 .gnu.linkonce.t._ZNSt15basic_streambufIwSt11char_traitsIwEED0Ev
                0x9d007ce0       0x90 c:/program files (x86)/microchip/xc32/v1.40/bin/bin/../../lib/gcc/pic32mx/4.8.3/../../../../pic32mx/lib\libxcpp.a(wiostrea.o)
                0x9d007ce0                std::basic_streambuf<wchar_t, std::char_traits<wchar_t> >::~basic_streambuf()
 .gnu.linkonce.t._ZNSt9basic_iosIwSt11char_traitsIwEED1Ev
                0x9d007d70       0x24 c:/program files (x86)/microchip/xc32/v1.40/bin/bin/../../lib/gcc/pic32mx/4.8.3/../../../../pic32mx/lib\libxcpp.a(wiostrea.o)
                0x9d007d70                std::basic_ios<wchar_t, std::char_traits<wchar_t> >::~basic_ios()
 .gnu.linkonce.t._ZNSt9basic_iosIwSt11char_traitsIwEED0Ev
                0x9d007d94       0x38 c:/program files (x86)/microchip/xc32/v1.40/bin/bin/../../lib/gcc/pic32mx/4.8.3/../../../../pic32mx/lib\libxcpp.a(wiostrea.o)
                0x9d007d94                std::basic_ios<wchar_t, std::char_traits<wchar_t> >::~basic_ios()
 .gnu.linkonce.t._ZNSt15basic_streambufIwSt11char_traitsIwEE4syncEv
                0x9d007dcc        0x8 c:/program files (x86)/microchip/xc32/v1.40/bin/bin/../../lib/gcc/pic32mx/4.8.3/../../../../pic32mx/lib\libxcpp.a(wiostrea.o)
                0x9d007dcc                std::basic_streambuf<wchar_t, std::char_traits<wchar_t> >::sync()
 .gnu.linkonce.t._ZNSt13basic_ostreamIwSt11char_traitsIwEED1Ev
                0x9d007dd4       0x44 c:/program files (x86)/microchip/xc32/v1.40/bin/bin/../../lib/gcc/pic32mx/4.8.3/../../../../pic32mx/lib\libxcpp.a(wiostrea.o)
                0x9d007dd4                std::basic_ostream<wchar_t, std::char_traits<wchar_t> >::~basic_ostream()
                0x9d007e08                virtual thunk to std::basic_ostream<wchar_t, std::char_traits<wchar_t> >::~basic_ostream()
 .gnu.linkonce.t._ZNSt13basic_ostreamIwSt11char_traitsIwEED0Ev
                0x9d007e18       0x58 c:/program files (x86)/microchip/xc32/v1.40/bin/bin/../../lib/gcc/pic32mx/4.8.3/../../../../pic32mx/lib\libxcpp.a(wiostrea.o)
                0x9d007e18                std::basic_ostream<wchar_t, std::char_traits<wchar_t> >::~basic_ostream()
                0x9d007e60                virtual thunk to std::basic_ostream<wchar_t, std::char_traits<wchar_t> >::~basic_ostream()
 .gnu.linkonce.t._ZNSt13basic_istreamIwSt11char_traitsIwEED1Ev
                0x9d007e70       0x44 c:/program files (x86)/microchip/xc32/v1.40/bin/bin/../../lib/gcc/pic32mx/4.8.3/../../../../pic32mx/lib\libxcpp.a(wiostrea.o)
                0x9d007e70                std::basic_istream<wchar_t, std::char_traits<wchar_t> >::~basic_istream()
                0x9d007ea4                virtual thunk to std::basic_istream<wchar_t, std::char_traits<wchar_t> >::~basic_istream()
 .gnu.linkonce.t._ZNSt13basic_istreamIwSt11char_traitsIwEED0Ev
                0x9d007eb4       0x58 c:/program files (x86)/microchip/xc32/v1.40/bin/bin/../../lib/gcc/pic32mx/4.8.3/../../../../pic32mx/lib\libxcpp.a(wiostrea.o)
                0x9d007eb4                std::basic_istream<wchar_t, std::char_traits<wchar_t> >::~basic_istream()
                0x9d007efc                virtual thunk to std::basic_istream<wchar_t, std::char_traits<wchar_t> >::~basic_istream()
 .gnu.linkonce.t._ZNSt13basic_filebufIwSt11char_traitsIwEED1Ev
                0x9d007f0c      0x2cc c:/program files (x86)/microchip/xc32/v1.40/bin/bin/../../lib/gcc/pic32mx/4.8.3/../../../../pic32mx/lib\libxcpp.a(wiostrea.o)
                0x9d007f0c                std::basic_filebuf<wchar_t, std::char_traits<wchar_t> >::~basic_filebuf()
 .gnu.linkonce.t._ZNSt13basic_filebufIwSt11char_traitsIwEED0Ev
                0x9d0081d8      0x478 c:/program files (x86)/microchip/xc32/v1.40/bin/bin/../../lib/gcc/pic32mx/4.8.3/../../../../pic32mx/lib\libxcpp.a(wiostrea.o)
                0x9d0081d8                std::basic_filebuf<wchar_t, std::char_traits<wchar_t> >::~basic_filebuf()
 .gnu.linkonce.t._ZNSt15basic_streambufIwSt11char_traitsIwEE5_LockEv
                0x9d008650        0x8 c:/program files (x86)/microchip/xc32/v1.40/bin/bin/../../lib/gcc/pic32mx/4.8.3/../../../../pic32mx/lib\libxcpp.a(wiostrea.o)
                0x9d008650                std::basic_streambuf<wchar_t, std::char_traits<wchar_t> >::_Lock()
 .gnu.linkonce.t._ZNSt15basic_streambufIwSt11char_traitsIwEE7_UnlockEv
                0x9d008658        0x8 c:/program files (x86)/microchip/xc32/v1.40/bin/bin/../../lib/gcc/pic32mx/4.8.3/../../../../pic32mx/lib\libxcpp.a(wiostrea.o)
                0x9d008658                std::basic_streambuf<wchar_t, std::char_traits<wchar_t> >::_Unlock()
 .gnu.linkonce.t._ZNSt13basic_filebufIwSt11char_traitsIwEE8overflowEw
                0x9d008660      0x40c c:/program files (x86)/microchip/xc32/v1.40/bin/bin/../../lib/gcc/pic32mx/4.8.3/../../../../pic32mx/lib\libxcpp.a(wiostrea.o)
                0x9d008660                std::basic_filebuf<wchar_t, std::char_traits<wchar_t> >::overflow(wchar_t)
 .gnu.linkonce.t._ZNSt13basic_filebufIwSt11char_traitsIwEE9pbackfailEw
                0x9d008a6c      0x148 c:/program files (x86)/microchip/xc32/v1.40/bin/bin/../../lib/gcc/pic32mx/4.8.3/../../../../pic32mx/lib\libxcpp.a(wiostrea.o)
                0x9d008a6c                std::basic_filebuf<wchar_t, std::char_traits<wchar_t> >::pbackfail(wchar_t)
 .gnu.linkonce.t._ZNSt15basic_streambufIwSt11char_traitsIwEE9showmanycEv
                0x9d008bb4        0x8 c:/program files (x86)/microchip/xc32/v1.40/bin/bin/../../lib/gcc/pic32mx/4.8.3/../../../../pic32mx/lib\libxcpp.a(wiostrea.o)
                0x9d008bb4                std::basic_streambuf<wchar_t, std::char_traits<wchar_t> >::showmanyc()
 .gnu.linkonce.t._ZNSt13basic_filebufIwSt11char_traitsIwEE9underflowEv
                0x9d008bbc       0x94 c:/program files (x86)/microchip/xc32/v1.40/bin/bin/../../lib/gcc/pic32mx/4.8.3/../../../../pic32mx/lib\libxcpp.a(wiostrea.o)
                0x9d008bbc                std::basic_filebuf<wchar_t, std::char_traits<wchar_t> >::underflow()
 .gnu.linkonce.t._ZNSt13basic_filebufIwSt11char_traitsIwEE5uflowEv
                0x9d008c50      0x504 c:/program files (x86)/microchip/xc32/v1.40/bin/bin/../../lib/gcc/pic32mx/4.8.3/../../../../pic32mx/lib\libxcpp.a(wiostrea.o)
                0x9d008c50                std::basic_filebuf<wchar_t, std::char_traits<wchar_t> >::uflow()
 .gnu.linkonce.t._ZNSt15basic_streambufIwSt11char_traitsIwEE6xsgetnEPwi
                0x9d009154       0xfc c:/program files (x86)/microchip/xc32/v1.40/bin/bin/../../lib/gcc/pic32mx/4.8.3/../../../../pic32mx/lib\libxcpp.a(wiostrea.o)